Loading configuration file configs/r1_lora_fp.yaml
Loading pretrained model

Fetching 7 files:   0%|          | 0/7 [00:00<?, ?it/s]
Fetching 7 files: 100%|██████████| 7/7 [00:00<00:00, 134679.49it/s]
Loading datasets
Training
Trainable parameters: 0.014% (0.410M/3030.371M)
Starting training..., iters: 200

Calculating loss...:   0%|          | 0/5 [00:00<?, ?it/s]
Calculating loss...:  20%|██        | 1/5 [00:15<01:01, 15.30s/it]
Calculating loss...:  40%|████      | 2/5 [00:15<00:19,  6.48s/it]
Calculating loss...:  60%|██████    | 3/5 [00:16<00:07,  3.83s/it]
Calculating loss...:  80%|████████  | 4/5 [00:16<00:02,  2.50s/it]
Calculating loss...: 100%|██████████| 5/5 [00:17<00:00,  1.76s/it]
Calculating loss...: 100%|██████████| 5/5 [00:17<00:00,  3.44s/it]
[WARNING] Some sequences are longer than 256 tokens. The longest sentence 1499 will be truncated to 256. Consider pre-splitting your data to save memory.
[WARNING] Some sequences are longer than 256 tokens. The longest sentence 304 will be truncated to 256. Consider pre-splitting your data to save memory.
Iter 1: Val loss 1.407, Val took 17.215s
[WARNING] Some sequences are longer than 256 tokens. The longest sentence 605 will be truncated to 256. Consider pre-splitting your data to save memory.
Iter 10: Train loss 1.218, Learning Rate 1.000e-04, It/sec 1.655, Tokens/sec 269.254, Trained Tokens 1627, Peak mem 12.638 GB
[WARNING] Some sequences are longer than 256 tokens. The longest sentence 371 will be truncated to 256. Consider pre-splitting your data to save memory.
Iter 20: Train loss 0.748, Learning Rate 1.000e-04, It/sec 1.752, Tokens/sec 272.605, Trained Tokens 3183, Peak mem 12.638 GB
[WARNING] Some sequences are longer than 256 tokens. The longest sentence 473 will be truncated to 256. Consider pre-splitting your data to save memory.
[WARNING] Some sequences are longer than 256 tokens. The longest sentence 264 will be truncated to 256. Consider pre-splitting your data to save memory.
Iter 30: Train loss 0.779, Learning Rate 1.000e-04, It/sec 1.730, Tokens/sec 278.282, Trained Tokens 4792, Peak mem 12.638 GB
[WARNING] Some sequences are longer than 256 tokens. The longest sentence 290 will be truncated to 256. Consider pre-splitting your data to save memory.
[WARNING] Some sequences are longer than 256 tokens. The longest sentence 286 will be truncated to 256. Consider pre-splitting your data to save memory.
[WARNING] Some sequences are longer than 256 tokens. The longest sentence 370 will be truncated to 256. Consider pre-splitting your data to save memory.
Iter 40: Train loss 0.663, Learning Rate 1.000e-04, It/sec 1.633, Tokens/sec 285.832, Trained Tokens 6542, Peak mem 12.638 GB
[WARNING] Some sequences are longer than 256 tokens. The longest sentence 346 will be truncated to 256. Consider pre-splitting your data to save memory.
[WARNING] Some sequences are longer than 256 tokens. The longest sentence 474 will be truncated to 256. Consider pre-splitting your data to save memory.
[WARNING] Some sequences are longer than 256 tokens. The longest sentence 805 will be truncated to 256. Consider pre-splitting your data to save memory.
Iter 50: Train loss 0.719, Learning Rate 1.000e-04, It/sec 1.477, Tokens/sec 279.517, Trained Tokens 8434, Peak mem 12.638 GB
[WARNING] Some sequences are longer than 256 tokens. The longest sentence 308 will be truncated to 256. Consider pre-splitting your data to save memory.
[WARNING] Some sequences are longer than 256 tokens. The longest sentence 311 will be truncated to 256. Consider pre-splitting your data to save memory.
Iter 60: Train loss 0.604, Learning Rate 1.000e-04, It/sec 1.712, Tokens/sec 267.822, Trained Tokens 9998, Peak mem 12.638 GB
[WARNING] Some sequences are longer than 256 tokens. The longest sentence 378 will be truncated to 256. Consider pre-splitting your data to save memory.
Iter 70: Train loss 0.612, Learning Rate 1.000e-04, It/sec 1.667, Tokens/sec 270.936, Trained Tokens 11623, Peak mem 12.638 GB
[WARNING] Some sequences are longer than 256 tokens. The longest sentence 312 will be truncated to 256. Consider pre-splitting your data to save memory.
[WARNING] Some sequences are longer than 256 tokens. The longest sentence 4206 will be truncated to 256. Consider pre-splitting your data to save memory.
[WARNING] Some sequences are longer than 256 tokens. The longest sentence 507 will be truncated to 256. Consider pre-splitting your data to save memory.
[WARNING] Some sequences are longer than 256 tokens. The longest sentence 576 will be truncated to 256. Consider pre-splitting your data to save memory.
Iter 80: Train loss 0.730, Learning Rate 1.000e-04, It/sec 1.451, Tokens/sec 276.772, Trained Tokens 13530, Peak mem 12.638 GB
[WARNING] Some sequences are longer than 256 tokens. The longest sentence 393 will be truncated to 256. Consider pre-splitting your data to save memory.
[WARNING] Some sequences are longer than 256 tokens. The longest sentence 277 will be truncated to 256. Consider pre-splitting your data to save memory.
Iter 90: Train loss 0.648, Learning Rate 1.000e-04, It/sec 1.616, Tokens/sec 269.664, Trained Tokens 15199, Peak mem 12.638 GB
[WARNING] Some sequences are longer than 256 tokens. The longest sentence 4499 will be truncated to 256. Consider pre-splitting your data to save memory.

Calculating loss...:   0%|          | 0/5 [00:00<?, ?it/s]
Calculating loss...:  20%|██        | 1/5 [00:00<00:02,  1.42it/s]
Calculating loss...:  40%|████      | 2/5 [00:01<00:01,  2.15it/s]
Calculating loss...:  60%|██████    | 3/5 [00:01<00:01,  1.72it/s]
Calculating loss...:  80%|████████  | 4/5 [00:02<00:00,  1.85it/s]
Calculating loss...: 100%|██████████| 5/5 [00:02<00:00,  2.20it/s]
Calculating loss...: 100%|██████████| 5/5 [00:02<00:00,  2.00it/s]
[WARNING] Some sequences are longer than 256 tokens. The longest sentence 1471 will be truncated to 256. Consider pre-splitting your data to save memory.
[WARNING] Some sequences are longer than 256 tokens. The longest sentence 277 will be truncated to 256. Consider pre-splitting your data to save memory.
Iter 100: Val loss 0.935, Val took 2.506s
Iter 100: Train loss 0.710, Learning Rate 1.000e-04, It/sec 1.637, Tokens/sec 257.752, Trained Tokens 16774, Peak mem 12.638 GB
Iter 100: Saved adapter weights to adapters/r1_lora_fp/adapters.safetensors and adapters/r1_lora_fp/0000100_adapters.safetensors.
Iter 110: Train loss 0.560, Learning Rate 1.000e-04, It/sec 2.084, Tokens/sec 260.673, Trained Tokens 18025, Peak mem 12.638 GB
[WARNING] Some sequences are longer than 256 tokens. The longest sentence 267 will be truncated to 256. Consider pre-splitting your data to save memory.
Iter 120: Train loss 0.673, Learning Rate 1.000e-04, It/sec 1.906, Tokens/sec 258.595, Trained Tokens 19382, Peak mem 12.638 GB
[WARNING] Some sequences are longer than 256 tokens. The longest sentence 378 will be truncated to 256. Consider pre-splitting your data to save memory.
Iter 130: Train loss 0.579, Learning Rate 1.000e-04, It/sec 1.539, Tokens/sec 261.249, Trained Tokens 21079, Peak mem 12.639 GB
[WARNING] Some sequences are longer than 256 tokens. The longest sentence 258 will be truncated to 256. Consider pre-splitting your data to save memory.
Iter 140: Train loss 0.518, Learning Rate 1.000e-04, It/sec 1.599, Tokens/sec 279.386, Trained Tokens 22826, Peak mem 12.639 GB
[WARNING] Some sequences are longer than 256 tokens. The longest sentence 554 will be truncated to 256. Consider pre-splitting your data to save memory.
Iter 150: Train loss 0.568, Learning Rate 1.000e-04, It/sec 1.521, Tokens/sec 266.099, Trained Tokens 24575, Peak mem 12.639 GB
[WARNING] Some sequences are longer than 256 tokens. The longest sentence 459 will be truncated to 256. Consider pre-splitting your data to save memory.
Iter 160: Train loss 0.734, Learning Rate 1.000e-04, It/sec 1.682, Tokens/sec 255.031, Trained Tokens 26091, Peak mem 12.639 GB
[WARNING] Some sequences are longer than 256 tokens. The longest sentence 363 will be truncated to 256. Consider pre-splitting your data to save memory.
[WARNING] Some sequences are longer than 256 tokens. The longest sentence 420 will be truncated to 256. Consider pre-splitting your data to save memory.
Iter 170: Train loss 0.605, Learning Rate 1.000e-04, It/sec 1.423, Tokens/sec 265.008, Trained Tokens 27953, Peak mem 12.639 GB
[WARNING] Some sequences are longer than 256 tokens. The longest sentence 266 will be truncated to 256. Consider pre-splitting your data to save memory.
[WARNING] Some sequences are longer than 256 tokens. The longest sentence 448 will be truncated to 256. Consider pre-splitting your data to save memory.
[WARNING] Some sequences are longer than 256 tokens. The longest sentence 469 will be truncated to 256. Consider pre-splitting your data to save memory.
Iter 180: Train loss 0.549, Learning Rate 1.000e-04, It/sec 1.437, Tokens/sec 278.432, Trained Tokens 29890, Peak mem 12.639 GB
[WARNING] Some sequences are longer than 256 tokens. The longest sentence 324 will be truncated to 256. Consider pre-splitting your data to save memory.
[WARNING] Some sequences are longer than 256 tokens. The longest sentence 348 will be truncated to 256. Consider pre-splitting your data to save memory.
Iter 190: Train loss 0.465, Learning Rate 1.000e-04, It/sec 1.496, Tokens/sec 261.869, Trained Tokens 31640, Peak mem 12.639 GB
[WARNING] Some sequences are longer than 256 tokens. The longest sentence 294 will be truncated to 256. Consider pre-splitting your data to save memory.

Calculating loss...:   0%|          | 0/5 [00:00<?, ?it/s]
Calculating loss...:  20%|██        | 1/5 [00:00<00:01,  2.11it/s]
Calculating loss...:  40%|████      | 2/5 [00:00<00:01,  2.70it/s]
Calculating loss...:  60%|██████    | 3/5 [00:01<00:00,  2.04it/s]
Calculating loss...:  80%|████████  | 4/5 [00:01<00:00,  2.37it/s]
Calculating loss...: 100%|██████████| 5/5 [00:02<00:00,  2.64it/s]
Calculating loss...: 100%|██████████| 5/5 [00:02<00:00,  2.47it/s]
Iter 200: Val loss 0.569, Val took 2.026s
Iter 200: Train loss 0.566, Learning Rate 1.000e-04, It/sec 1.611, Tokens/sec 272.664, Trained Tokens 33332, Peak mem 12.639 GB
Iter 200: Saved adapter weights to adapters/r1_lora_fp/adapters.safetensors and adapters/r1_lora_fp/0000200_adapters.safetensors.
Saved final weights to adapters/r1_lora_fp/adapters.safetensors.
Testing

Calculating loss...: 0it [00:00, ?it/s]
Calculating loss...: 1it [00:00,  3.16it/s]
Calculating loss...: 2it [00:00,  3.25it/s]
Calculating loss...: 3it [00:01,  2.08it/s]
Calculating loss...: 4it [00:01,  1.78it/s]
Calculating loss...: 5it [00:02,  2.14it/s]
Calculating loss...: 6it [00:02,  1.83it/s]
Calculating loss...: 7it [00:03,  2.15it/s]
Calculating loss...: 8it [00:03,  1.87it/s]
Calculating loss...: 9it [00:04,  1.76it/s]
Calculating loss...: 10it [00:05,  1.65it/s]
Calculating loss...: 11it [00:05,  1.58it/s]
Calculating loss...: 12it [00:06,  1.87it/s]
Calculating loss...: 13it [00:06,  1.94it/s]
Calculating loss...: 14it [00:07,  1.99it/s]
Calculating loss...: 15it [00:07,  1.79it/s]
Calculating loss...: 16it [00:08,  1.88it/s]
Calculating loss...: 17it [00:09,  1.72it/s]
Calculating loss...: 18it [00:09,  2.01it/s]
Calculating loss...: 19it [00:10,  1.81it/s]
Calculating loss...: 20it [00:10,  1.68it/s]
Calculating loss...: 21it [00:11,  1.64it/s]
Calculating loss...: 22it [00:11,  1.76it/s]
Calculating loss...: 23it [00:12,  2.03it/s]
Calculating loss...: 24it [00:12,  2.04it/s]
Calculating loss...: 25it [00:13,  1.82it/s]
Calculating loss...: 26it [00:13,  2.09it/s]
Calculating loss...: 27it [00:14,  2.32it/s]
Calculating loss...: 28it [00:14,  2.26it/s]
Calculating loss...: 29it [00:14,  2.47it/s]
Calculating loss...: 30it [00:15,  2.04it/s]
Calculating loss...: 31it [00:16,  1.82it/s]
Calculating loss...: 32it [00:16,  1.74it/s]
Calculating loss...: 33it [00:17,  1.64it/s]
Calculating loss...: 34it [00:17,  1.75it/s]
Calculating loss...: 35it [00:18,  2.02it/s]
Calculating loss...: 36it [00:18,  2.29it/s]
Calculating loss...: 37it [00:19,  2.02it/s]
Calculating loss...: 38it [00:19,  2.27it/s]
Calculating loss...: 39it [00:20,  2.00it/s]
Calculating loss...: 40it [00:20,  1.79it/s]
Calculating loss...: 41it [00:21,  1.88it/s]
Calculating loss...: 42it [00:21,  2.14it/s]
Calculating loss...: 43it [00:21,  2.40it/s]
Calculating loss...: 44it [00:22,  2.02it/s]
Calculating loss...: 45it [00:22,  2.29it/s]
Calculating loss...: 46it [00:23,  1.95it/s]
Calculating loss...: 47it [00:23,  2.22it/s]
Calculating loss...: 48it [00:24,  1.92it/s]
Calculating loss...: 49it [00:24,  2.20it/s]
Calculating loss...: 50it [00:25,  2.45it/s]
Calculating loss...: 51it [00:25,  2.64it/s]
Calculating loss...: 52it [00:26,  2.11it/s]
Calculating loss...: 53it [00:26,  1.86it/s]
Calculating loss...: 54it [00:27,  1.71it/s]
Calculating loss...: 55it [00:28,  1.81it/s]
Calculating loss...: 56it [00:28,  2.10it/s]
Calculating loss...: 57it [00:28,  2.34it/s]
Calculating loss...: 58it [00:28,  2.57it/s]
Calculating loss...: 59it [00:29,  2.15it/s]
Calculating loss...: 60it [00:30,  1.88it/s]
Calculating loss...: 61it [00:30,  1.94it/s]
Calculating loss...: 62it [00:31,  1.76it/s]
Calculating loss...: 63it [00:31,  1.86it/s]
Calculating loss...: 64it [00:32,  2.12it/s]
Calculating loss...: 65it [00:32,  2.35it/s]
Calculating loss...: 66it [00:33,  2.28it/s]
Calculating loss...: 67it [00:33,  2.24it/s]
Calculating loss...: 68it [00:34,  1.93it/s]
Calculating loss...: 69it [00:34,  1.98it/s]
Calculating loss...: 70it [00:35,  2.23it/s]
Calculating loss...: 71it [00:35,  1.92it/s]
Calculating loss...: 72it [00:36,  1.98it/s]
Calculating loss...: 73it [00:36,  2.23it/s]
Calculating loss...: 74it [00:37,  1.98it/s]
Calculating loss...: 75it [00:37,  1.79it/s]
Calculating loss...: 76it [00:38,  2.08it/s]
Calculating loss...: 77it [00:38,  1.84it/s]
Calculating loss...: 78it [00:39,  1.92it/s]
Calculating loss...: 79it [00:39,  2.17it/s]
Calculating loss...: 80it [00:39,  2.40it/s]
Calculating loss...: 81it [00:40,  2.02it/s]
Calculating loss...: 82it [00:41,  2.05it/s]
Calculating loss...: 83it [00:41,  2.06it/s]
Calculating loss...: 84it [00:41,  2.08it/s]
Calculating loss...: 85it [00:42,  2.10it/s]
Calculating loss...: 86it [00:43,  1.85it/s]
Calculating loss...: 87it [00:43,  2.14it/s]
Calculating loss...: 88it [00:43,  2.40it/s]
Calculating loss...: 89it [00:44,  2.29it/s]
Calculating loss...: 90it [00:44,  2.22it/s]
Calculating loss...: 91it [00:45,  2.47it/s]
Calculating loss...: 92it [00:45,  2.65it/s]
Calculating loss...: 93it [00:45,  2.47it/s]
Calculating loss...: 94it [00:46,  2.12it/s]
Calculating loss...: 95it [00:46,  2.12it/s]
Calculating loss...: 96it [00:47,  2.11it/s]
Calculating loss...: 97it [00:47,  2.12it/s]
Calculating loss...: 98it [00:48,  2.11it/s]
Calculating loss...: 99it [00:48,  2.12it/s]
Calculating loss...: 100it [00:49,  2.38it/s]
Calculating loss...: 101it [00:49,  2.31it/s]
Calculating loss...: 102it [00:49,  2.51it/s]
Calculating loss...: 103it [00:50,  2.05it/s]
Calculating loss...: 104it [00:50,  2.29it/s]
Calculating loss...: 105it [00:51,  2.24it/s]
Calculating loss...: 106it [00:51,  2.19it/s]
Calculating loss...: 107it [00:52,  1.91it/s]
Calculating loss...: 108it [00:52,  2.17it/s]
Calculating loss...: 109it [00:53,  1.88it/s]
Calculating loss...: 110it [00:54,  1.73it/s]
Calculating loss...: 111it [00:54,  1.82it/s]
Calculating loss...: 112it [00:55,  1.90it/s]
Calculating loss...: 113it [00:55,  1.74it/s]
Calculating loss...: 114it [00:56,  2.01it/s]
Calculating loss...: 115it [00:56,  2.25it/s]
Calculating loss...: 116it [00:56,  2.50it/s]
Calculating loss...: 117it [00:57,  2.66it/s]
Calculating loss...: 118it [00:57,  2.48it/s]
Calculating loss...: 119it [00:58,  2.36it/s]
Calculating loss...: 120it [00:58,  2.29it/s]
Calculating loss...: 121it [00:58,  2.24it/s]
Calculating loss...: 122it [00:59,  2.49it/s]
Calculating loss...: 123it [00:59,  2.35it/s]
Calculating loss...: 124it [01:00,  2.54it/s]
Calculating loss...: 125it [01:00,  2.70it/s]
Calculating loss...: 126it [01:00,  2.50it/s]
Calculating loss...: 127it [01:01,  2.39it/s]
Calculating loss...: 128it [01:01,  2.61it/s]
Calculating loss...: 129it [01:01,  2.75it/s]
Calculating loss...: 130it [01:02,  2.16it/s]
Calculating loss...: 131it [01:02,  2.39it/s]
Calculating loss...: 132it [01:03,  2.57it/s]
Calculating loss...: 133it [01:03,  2.41it/s]
Calculating loss...: 134it [01:04,  2.33it/s]
Calculating loss...: 135it [01:04,  2.54it/s]
Calculating loss...: 136it [01:05,  2.38it/s]
Calculating loss...: 137it [01:05,  2.30it/s]
Calculating loss...: 138it [01:05,  2.50it/s]
Calculating loss...: 139it [01:06,  2.12it/s]
Calculating loss...: 140it [01:06,  2.13it/s]
Calculating loss...: 141it [01:07,  1.87it/s]
Calculating loss...: 142it [01:08,  1.72it/s]
Calculating loss...: 143it [01:08,  1.82it/s]
Calculating loss...: 144it [01:08,  2.27it/s]
Calculating loss...: 145it [01:09,  1.94it/s]
Calculating loss...: 146it [01:09,  2.19it/s]
Calculating loss...: 147it [01:10,  2.42it/s]
Calculating loss...: 148it [01:10,  2.02it/s]
Calculating loss...: 149it [01:11,  1.81it/s]
Calculating loss...: 150it [01:11,  2.26it/s]
Calculating loss...: 151it [01:12,  2.22it/s]
Calculating loss...: 152it [01:12,  2.47it/s]
Calculating loss...: 153it [01:13,  2.35it/s]
Calculating loss...: 154it [01:13,  2.05it/s]
Calculating loss...: 155it [01:14,  2.07it/s]
Calculating loss...: 156it [01:14,  2.09it/s]
Calculating loss...: 157it [01:15,  2.10it/s]
Calculating loss...: 158it [01:15,  1.85it/s]
Calculating loss...: 159it [01:16,  1.76it/s]
Calculating loss...: 160it [01:16,  1.85it/s]
Calculating loss...: 161it [01:17,  1.71it/s]
Calculating loss...: 162it [01:18,  1.80it/s]
Calculating loss...: 163it [01:18,  1.68it/s]
Calculating loss...: 164it [01:19,  1.61it/s]
Calculating loss...: 165it [01:19,  1.89it/s]
Calculating loss...: 166it [01:20,  2.17it/s]
Calculating loss...: 167it [01:20,  2.16it/s]
Calculating loss...: 168it [01:20,  2.39it/s]
Calculating loss...: 169it [01:21,  2.61it/s]
Calculating loss...: 170it [01:21,  2.45it/s]
Calculating loss...: 171it [01:22,  2.03it/s]
Calculating loss...: 172it [01:22,  2.07it/s]
Calculating loss...: 173it [01:23,  2.09it/s]
Calculating loss...: 174it [01:23,  1.84it/s]
Calculating loss...: 175it [01:24,  1.70it/s]
Calculating loss...: 176it [01:25,  1.63it/s]
Calculating loss...: 177it [01:25,  1.90it/s]
Calculating loss...: 178it [01:26,  1.74it/s]
Calculating loss...: 179it [01:26,  1.84it/s]
Calculating loss...: 180it [01:27,  1.91it/s]
Calculating loss...: 181it [01:27,  1.74it/s]
Calculating loss...: 182it [01:28,  1.85it/s]
Calculating loss...: 183it [01:28,  2.11it/s]
Calculating loss...: 184it [01:29,  2.13it/s]
Calculating loss...: 185it [01:29,  1.92it/s]
Calculating loss...: 186it [01:30,  2.17it/s]
Calculating loss...: 187it [01:30,  1.89it/s]
Calculating loss...: 188it [01:31,  1.74it/s]
Calculating loss...: 189it [01:32,  1.64it/s]
Calculating loss...: 190it [01:32,  1.92it/s]
Calculating loss...: 191it [01:32,  2.17it/s]
Calculating loss...: 192it [01:33,  1.95it/s]
Calculating loss...: 193it [01:33,  2.00it/s]
Calculating loss...: 194it [01:34,  2.28it/s]
Calculating loss...: 195it [01:34,  1.95it/s]
Calculating loss...: 196it [01:35,  1.77it/s]
Calculating loss...: 197it [01:36,  1.66it/s]
Calculating loss...: 198it [01:36,  1.78it/s]
Calculating loss...: 199it [01:37,  1.88it/s]
Calculating loss...: 200it [01:37,  1.73it/s]
Calculating loss...: 201it [01:38,  1.82it/s]
Calculating loss...: 202it [01:38,  1.91it/s]
Calculating loss...: 203it [01:39,  1.97it/s]
Calculating loss...: 204it [01:39,  2.22it/s]
Calculating loss...: 205it [01:39,  2.44it/s]
Calculating loss...: 206it [01:40,  2.03it/s]
Calculating loss...: 207it [01:40,  2.27it/s]
Calculating loss...: 208it [01:41,  2.51it/s]
Calculating loss...: 209it [01:41,  2.37it/s]
Calculating loss...: 210it [01:42,  2.60it/s]
Calculating loss...: 211it [01:42,  2.42it/s]
Calculating loss...: 212it [01:42,  2.32it/s]
Calculating loss...: 213it [01:43,  1.97it/s]
Calculating loss...: 214it [01:44,  2.01it/s]
Calculating loss...: 215it [01:44,  1.85it/s]
Calculating loss...: 216it [01:45,  1.71it/s]
Calculating loss...: 217it [01:45,  1.98it/s]
Calculating loss...: 218it [01:46,  1.84it/s]
Calculating loss...: 219it [01:46,  1.92it/s]
Calculating loss...: 220it [01:47,  2.17it/s]
Calculating loss...: 221it [01:47,  1.89it/s]
Calculating loss...: 222it [01:48,  2.15it/s]
Calculating loss...: 223it [01:48,  1.88it/s]
Calculating loss...: 224it [01:49,  1.96it/s]
Calculating loss...: 225it [01:49,  2.00it/s]
Calculating loss...: 226it [01:50,  2.25it/s]
Calculating loss...: 227it [01:50,  1.93it/s]
Calculating loss...: 228it [01:51,  2.18it/s]
Calculating loss...: 229it [01:51,  2.43it/s]
Calculating loss...: 230it [01:51,  2.34it/s]
Calculating loss...: 231it [01:52,  2.57it/s]
Calculating loss...: 232it [01:52,  2.77it/s]
Calculating loss...: 233it [01:52,  2.87it/s]
Calculating loss...: 234it [01:53,  2.60it/s]
Calculating loss...: 235it [01:53,  2.44it/s]
Calculating loss...: 236it [01:54,  2.34it/s]
Calculating loss...: 237it [01:54,  2.28it/s]
Calculating loss...: 238it [01:55,  1.95it/s]
Calculating loss...: 239it [01:55,  2.20it/s]
Calculating loss...: 240it [01:55,  2.68it/s]
Calculating loss...: 241it [01:56,  2.47it/s]
Calculating loss...: 242it [01:56,  2.36it/s]
Calculating loss...: 243it [01:57,  2.27it/s]
Calculating loss...: 244it [01:58,  1.94it/s]
Calculating loss...: 245it [01:58,  1.76it/s]
Calculating loss...: 246it [01:59,  1.70it/s]
Calculating loss...: 247it [01:59,  1.97it/s]
Calculating loss...: 248it [02:00,  1.83it/s]
Calculating loss...: 249it [02:00,  1.75it/s]
Calculating loss...: 250it [02:01,  1.84it/s]
Calculating loss...: 251it [02:02,  1.70it/s]
Calculating loss...: 252it [02:02,  1.66it/s]
Calculating loss...: 253it [02:03,  1.63it/s]
Calculating loss...: 254it [02:03,  1.90it/s]
Calculating loss...: 255it [02:04,  1.97it/s]
Calculating loss...: 256it [02:04,  2.25it/s]
Calculating loss...: 257it [02:04,  2.22it/s]
Calculating loss...: 258it [02:05,  2.19it/s]
Calculating loss...: 259it [02:06,  1.90it/s]
Calculating loss...: 260it [02:06,  1.95it/s]
Calculating loss...: 261it [02:07,  2.01it/s]
Calculating loss...: 262it [02:07,  1.86it/s]
Calculating loss...: 263it [02:08,  1.71it/s]
Calculating loss...: 264it [02:08,  1.98it/s]
Calculating loss...: 265it [02:09,  1.78it/s]
Calculating loss...: 266it [02:09,  1.88it/s]
Calculating loss...: 267it [02:10,  1.73it/s]
Calculating loss...: 268it [02:10,  1.84it/s]
Calculating loss...: 269it [02:11,  1.90it/s]
Calculating loss...: 270it [02:12,  1.74it/s]
Calculating loss...: 271it [02:12,  1.83it/s]
Calculating loss...: 272it [02:13,  1.70it/s]
Calculating loss...: 273it [02:13,  2.14it/s]
Calculating loss...: 274it [02:13,  2.14it/s]
Calculating loss...: 275it [02:14,  2.37it/s]
Calculating loss...: 276it [02:14,  2.29it/s]
Calculating loss...: 277it [02:15,  2.22it/s]
Calculating loss...: 278it [02:15,  1.98it/s]
Calculating loss...: 279it [02:16,  1.84it/s]
Calculating loss...: 280it [02:17,  1.75it/s]
Calculating loss...: 281it [02:17,  2.02it/s]
Calculating loss...: 282it [02:17,  2.05it/s]
Calculating loss...: 283it [02:18,  2.32it/s]
Calculating loss...: 284it [02:18,  2.52it/s]
Calculating loss...: 285it [02:18,  2.68it/s]
Calculating loss...: 286it [02:19,  2.48it/s]
Calculating loss...: 287it [02:19,  2.37it/s]
Calculating loss...: 288it [02:20,  1.99it/s]
Calculating loss...: 289it [02:21,  1.78it/s]
Calculating loss...: 290it [02:21,  1.86it/s]
Calculating loss...: 291it [02:22,  1.72it/s]
Calculating loss...: 292it [02:23,  1.63it/s]
Calculating loss...: 293it [02:23,  1.75it/s]
Calculating loss...: 294it [02:24,  1.84it/s]
Calculating loss...: 295it [02:24,  1.75it/s]
Calculating loss...: 296it [02:25,  1.85it/s]
Calculating loss...: 297it [02:25,  1.71it/s]
Calculating loss...: 298it [02:26,  1.81it/s]
Calculating loss...: 299it [02:26,  1.88it/s]
Calculating loss...: 300it [02:27,  2.17it/s]
Calculating loss...: 301it [02:27,  2.39it/s]
Calculating loss...: 302it [02:27,  2.29it/s]
Calculating loss...: 303it [02:28,  1.96it/s]
Calculating loss...: 304it [02:28,  2.24it/s]
Calculating loss...: 305it [02:29,  2.19it/s]
Calculating loss...: 306it [02:29,  2.17it/s]
Calculating loss...: 307it [02:30,  2.14it/s]
Calculating loss...: 308it [02:30,  2.13it/s]
Calculating loss...: 309it [02:31,  2.36it/s]
Calculating loss...: 310it [02:31,  2.05it/s]
Calculating loss...: 311it [02:32,  2.29it/s]
Calculating loss...: 312it [02:32,  2.52it/s]
Calculating loss...: 313it [02:32,  2.68it/s]
Calculating loss...: 314it [02:32,  2.85it/s]
Calculating loss...: 315it [02:33,  2.56it/s]
Calculating loss...: 316it [02:33,  2.40it/s]
Calculating loss...: 317it [02:34,  2.62it/s]
Calculating loss...: 318it [02:34,  2.18it/s]
Calculating loss...: 319it [02:35,  2.44it/s]
Calculating loss...: 320it [02:35,  2.62it/s]
Calculating loss...: 321it [02:35,  2.80it/s]
Calculating loss...: 322it [02:36,  2.90it/s]
Calculating loss...: 323it [02:36,  2.23it/s]
Calculating loss...: 324it [02:37,  1.93it/s]
Calculating loss...: 325it [02:37,  2.18it/s]
Calculating loss...: 326it [02:38,  1.89it/s]
Calculating loss...: 327it [02:38,  1.96it/s]
Calculating loss...: 328it [02:39,  2.00it/s]
Calculating loss...: 329it [02:39,  2.03it/s]
Calculating loss...: 330it [02:40,  1.82it/s]
Calculating loss...: 331it [02:40,  2.08it/s]
Calculating loss...: 332it [02:41,  2.11it/s]
Calculating loss...: 333it [02:42,  1.85it/s]
Calculating loss...: 334it [02:42,  1.71it/s]
Calculating loss...: 335it [02:43,  1.63it/s]
Calculating loss...: 336it [02:44,  1.57it/s]
Calculating loss...: 337it [02:44,  1.53it/s]
Calculating loss...: 338it [02:45,  1.50it/s]
Calculating loss...: 339it [02:46,  1.53it/s]
Calculating loss...: 340it [02:46,  1.66it/s]
Calculating loss...: 341it [02:47,  1.77it/s]
Calculating loss...: 342it [02:47,  1.66it/s]
Calculating loss...: 343it [02:48,  1.77it/s]
Calculating loss...: 344it [02:48,  1.70it/s]
Calculating loss...: 345it [02:49,  1.80it/s]
Calculating loss...: 346it [02:49,  1.89it/s]
Calculating loss...: 347it [02:50,  1.96it/s]
Calculating loss...: 348it [02:50,  2.21it/s]
Calculating loss...: 349it [02:51,  1.91it/s]
Calculating loss...: 350it [02:51,  1.97it/s]
Calculating loss...: 351it [02:52,  2.25it/s]
Calculating loss...: 352it [02:52,  2.47it/s]
Calculating loss...: 353it [02:52,  2.34it/s]
Calculating loss...: 354it [02:53,  2.28it/s]
Calculating loss...: 355it [02:53,  2.21it/s]
Calculating loss...: 356it [02:53,  2.69it/s]
Calculating loss...: 357it [02:54,  2.14it/s]
Calculating loss...: 358it [02:54,  2.37it/s]
Calculating loss...: 359it [02:55,  2.00it/s]
Calculating loss...: 360it [02:55,  2.27it/s]
Calculating loss...: 361it [02:56,  2.48it/s]
Calculating loss...: 362it [02:56,  2.68it/s]
Calculating loss...: 363it [02:57,  2.14it/s]
Calculating loss...: 364it [02:57,  2.14it/s]
Calculating loss...: 365it [02:58,  1.88it/s]
Calculating loss...: 366it [02:58,  2.14it/s]
Calculating loss...: 367it [02:59,  1.87it/s]
Calculating loss...: 368it [02:59,  1.95it/s]
Calculating loss...: 369it [03:00,  1.98it/s]
Calculating loss...: 370it [03:00,  2.26it/s]
Calculating loss...: 371it [03:01,  2.22it/s]
Calculating loss...: 372it [03:01,  2.21it/s]
Calculating loss...: 373it [03:02,  2.19it/s]
Calculating loss...: 374it [03:02,  1.89it/s]
Calculating loss...: 375it [03:03,  1.95it/s]
Calculating loss...: 376it [03:03,  1.77it/s]
Calculating loss...: 377it [03:04,  1.86it/s]
Calculating loss...: 378it [03:04,  1.92it/s]
Calculating loss...: 379it [03:05,  1.75it/s]
Calculating loss...: 380it [03:06,  1.64it/s]
Calculating loss...: 381it [03:06,  1.58it/s]
Calculating loss...: 382it [03:07,  1.58it/s]
Calculating loss...: 383it [03:08,  1.54it/s]
Calculating loss...: 384it [03:08,  1.83it/s]
Calculating loss...: 385it [03:09,  1.91it/s]
Calculating loss...: 386it [03:09,  1.97it/s]
Calculating loss...: 387it [03:09,  2.22it/s]
Calculating loss...: 388it [03:10,  2.19it/s]
Calculating loss...: 389it [03:10,  2.17it/s]
Calculating loss...: 390it [03:11,  2.40it/s]
Calculating loss...: 391it [03:11,  1.99it/s]
Calculating loss...: 392it [03:12,  1.79it/s]
Calculating loss...: 393it [03:12,  1.88it/s]
Calculating loss...: 394it [03:13,  1.94it/s]
Calculating loss...: 395it [03:13,  2.19it/s]
Calculating loss...: 396it [03:14,  2.41it/s]
Calculating loss...: 397it [03:14,  2.32it/s]
Calculating loss...: 398it [03:15,  2.24it/s]
Calculating loss...: 399it [03:15,  2.49it/s]
Calculating loss...: 400it [03:15,  2.69it/s]
Calculating loss...: 401it [03:16,  2.51it/s]
Calculating loss...: 402it [03:16,  2.37it/s]
Calculating loss...: 403it [03:16,  2.56it/s]
Calculating loss...: 404it [03:17,  2.41it/s]
Calculating loss...: 405it [03:18,  2.01it/s]
Calculating loss...: 406it [03:18,  1.80it/s]
Calculating loss...: 407it [03:19,  1.69it/s]
Calculating loss...: 408it [03:19,  1.96it/s]
Calculating loss...: 409it [03:20,  2.01it/s]
Calculating loss...: 410it [03:20,  2.04it/s]
Calculating loss...: 411it [03:20,  2.31it/s]
Calculating loss...: 412it [03:21,  2.51it/s]
Calculating loss...: 413it [03:21,  2.68it/s]
Calculating loss...: 414it [03:22,  2.14it/s]
Calculating loss...: 415it [03:22,  1.87it/s]
Calculating loss...: 416it [03:23,  2.13it/s]
Calculating loss...: 417it [03:23,  2.36it/s]
Calculating loss...: 418it [03:24,  2.30it/s]
Calculating loss...: 419it [03:24,  2.53it/s]
Calculating loss...: 420it [03:24,  2.39it/s]
Calculating loss...: 421it [03:25,  2.61it/s]
Calculating loss...: 422it [03:25,  2.76it/s]
Calculating loss...: 423it [03:25,  2.51it/s]
Calculating loss...: 424it [03:26,  2.12it/s]
Calculating loss...: 425it [03:27,  2.11it/s]
Calculating loss...: 426it [03:27,  1.86it/s]
Calculating loss...: 427it [03:28,  1.94it/s]
Calculating loss...: 428it [03:28,  1.99it/s]
Calculating loss...: 429it [03:29,  1.79it/s]
Calculating loss...: 430it [03:29,  1.88it/s]
Calculating loss...: 431it [03:30,  1.77it/s]
Calculating loss...: 432it [03:31,  1.67it/s]
Calculating loss...: 433it [03:31,  1.94it/s]
Calculating loss...: 434it [03:31,  2.19it/s]
Calculating loss...: 435it [03:32,  2.42it/s]
Calculating loss...: 436it [03:32,  2.08it/s]
Calculating loss...: 437it [03:33,  2.08it/s]
Calculating loss...: 438it [03:33,  2.34it/s]
Calculating loss...: 439it [03:33,  2.55it/s]
Calculating loss...: 440it [03:34,  2.40it/s]
Calculating loss...: 441it [03:34,  2.30it/s]
Calculating loss...: 442it [03:35,  2.24it/s]
Calculating loss...: 443it [03:35,  1.99it/s]
Calculating loss...: 444it [03:36,  1.84it/s]
Calculating loss...: 445it [03:37,  1.92it/s]
Calculating loss...: 446it [03:37,  1.80it/s]
Calculating loss...: 447it [03:38,  1.88it/s]
Calculating loss...: 448it [03:38,  2.16it/s]
Calculating loss...: 449it [03:38,  2.16it/s]
Calculating loss...: 450it [03:39,  2.38it/s]
Calculating loss...: 451it [03:39,  2.31it/s]
Calculating loss...: 452it [03:40,  2.51it/s]
Calculating loss...: 453it [03:40,  2.68it/s]
Calculating loss...: 454it [03:40,  2.81it/s]
Calculating loss...: 455it [03:40,  2.91it/s]
Calculating loss...: 456it [03:41,  2.31it/s]
Calculating loss...: 457it [03:42,  2.23it/s]
Calculating loss...: 458it [03:42,  1.98it/s]
Calculating loss...: 459it [03:43,  2.23it/s]
Calculating loss...: 460it [03:43,  1.92it/s]
Calculating loss...: 461it [03:44,  1.80it/s]
Calculating loss...: 462it [03:45,  1.72it/s]
Calculating loss...: 463it [03:45,  2.01it/s]
Calculating loss...: 464it [03:45,  1.80it/s]
Calculating loss...: 465it [03:46,  1.73it/s]
Calculating loss...: 466it [03:46,  2.00it/s]
Calculating loss...: 467it [03:47,  1.79it/s]
Calculating loss...: 468it [03:48,  1.88it/s]
Calculating loss...: 469it [03:48,  2.17it/s]
Calculating loss...: 470it [03:48,  2.14it/s]
Calculating loss...: 471it [03:49,  2.37it/s]
Calculating loss...: 472it [03:49,  1.99it/s]
Calculating loss...: 473it [03:50,  2.46it/s]
Calculating loss...: 474it [03:50,  2.03it/s]
Calculating loss...: 475it [03:51,  2.04it/s]
Calculating loss...: 476it [03:51,  2.07it/s]
Calculating loss...: 477it [03:52,  2.10it/s]
Calculating loss...: 478it [03:52,  1.86it/s]
Calculating loss...: 479it [03:53,  1.93it/s]
Calculating loss...: 480it [03:53,  1.98it/s]
Calculating loss...: 481it [03:54,  2.02it/s]
Calculating loss...: 482it [03:54,  1.86it/s]
Calculating loss...: 483it [03:55,  1.72it/s]
Calculating loss...: 484it [03:56,  1.63it/s]
Calculating loss...: 485it [03:56,  1.61it/s]
Calculating loss...: 486it [03:57,  1.74it/s]
Calculating loss...: 487it [03:57,  2.03it/s]
Calculating loss...: 488it [03:58,  2.28it/s]
Calculating loss...: 489it [03:58,  2.24it/s]
Calculating loss...: 490it [03:58,  2.48it/s]
Calculating loss...: 491it [03:59,  2.65it/s]
Calculating loss...: 492it [03:59,  2.12it/s]
Calculating loss...: 493it [04:00,  2.35it/s]
Calculating loss...: 494it [04:00,  1.98it/s]
Calculating loss...: 495it [04:01,  2.03it/s]
Calculating loss...: 496it [04:01,  2.28it/s]
Calculating loss...: 497it [04:02,  1.94it/s]
Calculating loss...: 498it [04:02,  2.19it/s]
Calculating loss...: 499it [04:03,  2.16it/s]
Calculating loss...: 500it [04:03,  1.94it/s]
Calculating loss...: 501it [04:04,  1.82it/s]
Calculating loss...: 502it [04:04,  2.08it/s]
Calculating loss...: 503it [04:05,  1.84it/s]
Calculating loss...: 504it [04:05,  1.90it/s]
Calculating loss...: 505it [04:06,  1.97it/s]
Calculating loss...: 506it [04:06,  2.02it/s]
Calculating loss...: 507it [04:07,  1.81it/s]
Calculating loss...: 508it [04:08,  1.68it/s]
Calculating loss...: 509it [04:08,  1.80it/s]
Calculating loss...: 510it [04:08,  2.07it/s]
Calculating loss...: 511it [04:09,  2.09it/s]
Calculating loss...: 512it [04:10,  1.90it/s]
Calculating loss...: 513it [04:10,  1.97it/s]
Calculating loss...: 514it [04:10,  2.22it/s]
Calculating loss...: 515it [04:11,  2.47it/s]
Calculating loss...: 516it [04:11,  2.33it/s]
Calculating loss...: 517it [04:12,  2.27it/s]
Calculating loss...: 518it [04:12,  2.48it/s]
Calculating loss...: 519it [04:13,  2.11it/s]
Calculating loss...: 520it [04:13,  2.12it/s]
Calculating loss...: 521it [04:14,  1.86it/s]
Calculating loss...: 522it [04:14,  2.12it/s]
Calculating loss...: 523it [04:14,  2.11it/s]
Calculating loss...: 524it [04:15,  2.37it/s]
Calculating loss...: 525it [04:15,  2.00it/s]
Calculating loss...: 526it [04:16,  2.03it/s]
Calculating loss...: 527it [04:17,  1.81it/s]
Calculating loss...: 528it [04:17,  1.88it/s]
Calculating loss...: 529it [04:18,  1.95it/s]
Calculating loss...: 530it [04:18,  1.81it/s]
Calculating loss...: 531it [04:19,  2.10it/s]
Calculating loss...: 532it [04:19,  2.37it/s]
Calculating loss...: 533it [04:19,  2.27it/s]
Calculating loss...: 534it [04:20,  2.23it/s]
Calculating loss...: 535it [04:20,  2.45it/s]
Calculating loss...: 536it [04:20,  2.62it/s]
Calculating loss...: 537it [04:21,  2.10it/s]
Calculating loss...: 538it [04:22,  2.12it/s]
Calculating loss...: 539it [04:22,  1.86it/s]
Calculating loss...: 540it [04:23,  1.92it/s]
Calculating loss...: 541it [04:23,  1.80it/s]
Calculating loss...: 542it [04:24,  1.87it/s]
Calculating loss...: 543it [04:24,  2.13it/s]
Calculating loss...: 544it [04:25,  2.14it/s]
Calculating loss...: 545it [04:25,  1.87it/s]
Calculating loss...: 546it [04:26,  2.13it/s]
Calculating loss...: 547it [04:26,  1.87it/s]
Calculating loss...: 548it [04:27,  1.76it/s]
Calculating loss...: 549it [04:27,  2.03it/s]
Calculating loss...: 550it [04:28,  2.28it/s]
Calculating loss...: 551it [04:28,  2.52it/s]
Calculating loss...: 552it [04:29,  2.06it/s]
Calculating loss...: 553it [04:29,  2.07it/s]
Calculating loss...: 554it [04:29,  2.33it/s]
Calculating loss...: 555it [04:30,  2.56it/s]
Calculating loss...: 556it [04:30,  2.75it/s]
Calculating loss...: 557it [04:30,  2.91it/s]
Calculating loss...: 558it [04:31,  2.63it/s]
Calculating loss...: 559it [04:31,  2.46it/s]
Calculating loss...: 560it [04:32,  2.63it/s]
Calculating loss...: 561it [04:32,  2.44it/s]
Calculating loss...: 562it [04:32,  2.32it/s]
Calculating loss...: 563it [04:33,  2.55it/s]
Calculating loss...: 564it [04:33,  2.08it/s]
Calculating loss...: 565it [04:34,  2.32it/s]
Calculating loss...: 566it [04:34,  2.27it/s]
Calculating loss...: 567it [04:35,  1.93it/s]
Calculating loss...: 568it [04:36,  1.76it/s]
Calculating loss...: 569it [04:36,  1.85it/s]
Calculating loss...: 570it [04:37,  1.72it/s]
Calculating loss...: 571it [04:37,  1.83it/s]
Calculating loss...: 572it [04:38,  1.91it/s]
Calculating loss...: 573it [04:38,  1.79it/s]
Calculating loss...: 574it [04:39,  2.08it/s]
Calculating loss...: 575it [04:39,  2.34it/s]
Calculating loss...: 576it [04:39,  2.28it/s]
Calculating loss...: 577it [04:40,  2.49it/s]
Calculating loss...: 578it [04:40,  2.12it/s]
Calculating loss...: 579it [04:41,  2.38it/s]
Calculating loss...: 580it [04:41,  2.57it/s]
Calculating loss...: 581it [04:42,  2.08it/s]
Calculating loss...: 582it [04:42,  1.84it/s]
Calculating loss...: 583it [04:43,  2.13it/s]
Calculating loss...: 584it [04:43,  2.12it/s]
Calculating loss...: 585it [04:44,  1.86it/s]
Calculating loss...: 586it [04:44,  2.14it/s]
Calculating loss...: 587it [04:45,  1.87it/s]
Calculating loss...: 588it [04:45,  2.13it/s]
Calculating loss...: 589it [04:45,  2.36it/s]
Calculating loss...: 590it [04:46,  2.59it/s]
Calculating loss...: 591it [04:46,  2.44it/s]
Calculating loss...: 592it [04:46,  2.93it/s]
Calculating loss...: 593it [04:47,  2.99it/s]
Calculating loss...: 594it [04:47,  2.26it/s]
Calculating loss...: 595it [04:48,  2.22it/s]
Calculating loss...: 596it [04:48,  2.44it/s]
Calculating loss...: 597it [04:49,  2.33it/s]
Calculating loss...: 598it [04:49,  2.25it/s]
Calculating loss...: 599it [04:49,  2.46it/s]
Calculating loss...: 600it [04:50,  2.67it/s]
Calculating loss...: 601it [04:50,  2.49it/s]
Calculating loss...: 602it [04:51,  2.04it/s]
Calculating loss...: 603it [04:52,  1.88it/s]
Calculating loss...: 604it [04:52,  1.73it/s]
Calculating loss...: 605it [04:53,  1.82it/s]
Calculating loss...: 606it [04:53,  1.69it/s]
Calculating loss...: 607it [04:54,  1.80it/s]
Calculating loss...: 608it [04:54,  2.06it/s]
Calculating loss...: 609it [04:55,  2.08it/s]
Calculating loss...: 610it [04:55,  2.32it/s]
Calculating loss...: 611it [04:55,  2.25it/s]
Calculating loss...: 612it [04:56,  2.46it/s]
Calculating loss...: 613it [04:56,  2.10it/s]
Calculating loss...: 614it [04:57,  2.36it/s]
Calculating loss...: 615it [04:57,  1.99it/s]
Calculating loss...: 616it [04:58,  1.79it/s]
Calculating loss...: 617it [04:59,  1.67it/s]
Calculating loss...: 618it [04:59,  1.78it/s]
Calculating loss...: 619it [05:00,  1.86it/s]
Calculating loss...: 620it [05:00,  1.72it/s]
Calculating loss...: 621it [05:01,  1.63it/s]
Calculating loss...: 622it [05:02,  1.57it/s]
Calculating loss...: 623it [05:02,  1.71it/s]
Calculating loss...: 624it [05:03,  1.81it/s]
Calculating loss...: 625it [05:03,  1.68it/s]
Calculating loss...: 626it [05:04,  1.96it/s]
Calculating loss...: 627it [05:04,  2.22it/s]
Calculating loss...: 628it [05:04,  2.43it/s]
Calculating loss...: 629it [05:05,  2.33it/s]
Calculating loss...: 630it [05:05,  2.53it/s]
Calculating loss...: 631it [05:06,  2.69it/s]
Calculating loss...: 632it [05:06,  2.86it/s]
Calculating loss...: 633it [05:06,  2.94it/s]
Calculating loss...: 634it [05:07,  2.26it/s]
Calculating loss...: 635it [05:08,  1.94it/s][WARNING] Some sequences are longer than 256 tokens. The longest sentence 315 will be truncated to 256. Consider pre-splitting your data to save memory.
[WARNING] Some sequences are longer than 256 tokens. The longest sentence 497 will be truncated to 256. Consider pre-splitting your data to save memory.
[WARNING] Some sequences are longer than 256 tokens. The longest sentence 278 will be truncated to 256. Consider pre-splitting your data to save memory.
[WARNING] Some sequences are longer than 256 tokens. The longest sentence 755 will be truncated to 256. Consider pre-splitting your data to save memory.
[WARNING] Some sequences are longer than 256 tokens. The longest sentence 304 will be truncated to 256. Consider pre-splitting your data to save memory.
[WARNING] Some sequences are longer than 256 tokens. The longest sentence 372 will be truncated to 256. Consider pre-splitting your data to save memory.
[WARNING] Some sequences are longer than 256 tokens. The longest sentence 424 will be truncated to 256. Consider pre-splitting your data to save memory.
[WARNING] Some sequences are longer than 256 tokens. The longest sentence 278 will be truncated to 256. Consider pre-splitting your data to save memory.
[WARNING] Some sequences are longer than 256 tokens. The longest sentence 398 will be truncated to 256. Consider pre-splitting your data to save memory.
[WARNING] Some sequences are longer than 256 tokens. The longest sentence 291 will be truncated to 256. Consider pre-splitting your data to save memory.
[WARNING] Some sequences are longer than 256 tokens. The longest sentence 291 will be truncated to 256. Consider pre-splitting your data to save memory.
[WARNING] Some sequences are longer than 256 tokens. The longest sentence 346 will be truncated to 256. Consider pre-splitting your data to save memory.
[WARNING] Some sequences are longer than 256 tokens. The longest sentence 270 will be truncated to 256. Consider pre-splitting your data to save memory.
[WARNING] Some sequences are longer than 256 tokens. The longest sentence 2210 will be truncated to 256. Consider pre-splitting your data to save memory.
[WARNING] Some sequences are longer than 256 tokens. The longest sentence 472 will be truncated to 256. Consider pre-splitting your data to save memory.
[WARNING] Some sequences are longer than 256 tokens. The longest sentence 334 will be truncated to 256. Consider pre-splitting your data to save memory.
[WARNING] Some sequences are longer than 256 tokens. The longest sentence 360 will be truncated to 256. Consider pre-splitting your data to save memory.
[WARNING] Some sequences are longer than 256 tokens. The longest sentence 338 will be truncated to 256. Consider pre-splitting your data to save memory.
[WARNING] Some sequences are longer than 256 tokens. The longest sentence 1070 will be truncated to 256. Consider pre-splitting your data to save memory.
[WARNING] Some sequences are longer than 256 tokens. The longest sentence 313 will be truncated to 256. Consider pre-splitting your data to save memory.
[WARNING] Some sequences are longer than 256 tokens. The longest sentence 293 will be truncated to 256. Consider pre-splitting your data to save memory.
[WARNING] Some sequences are longer than 256 tokens. The longest sentence 3351 will be truncated to 256. Consider pre-splitting your data to save memory.
[WARNING] Some sequences are longer than 256 tokens. The longest sentence 407 will be truncated to 256. Consider pre-splitting your data to save memory.
[WARNING] Some sequences are longer than 256 tokens. The longest sentence 408 will be truncated to 256. Consider pre-splitting your data to save memory.
[WARNING] Some sequences are longer than 256 tokens. The longest sentence 272 will be truncated to 256. Consider pre-splitting your data to save memory.
[WARNING] Some sequences are longer than 256 tokens. The longest sentence 259 will be truncated to 256. Consider pre-splitting your data to save memory.
[WARNING] Some sequences are longer than 256 tokens. The longest sentence 300 will be truncated to 256. Consider pre-splitting your data to save memory.
[WARNING] Some sequences are longer than 256 tokens. The longest sentence 265 will be truncated to 256. Consider pre-splitting your data to save memory.
[WARNING] Some sequences are longer than 256 tokens. The longest sentence 761 will be truncated to 256. Consider pre-splitting your data to save memory.
[WARNING] Some sequences are longer than 256 tokens. The longest sentence 432 will be truncated to 256. Consider pre-splitting your data to save memory.
[WARNING] Some sequences are longer than 256 tokens. The longest sentence 299 will be truncated to 256. Consider pre-splitting your data to save memory.
[WARNING] Some sequences are longer than 256 tokens. The longest sentence 385 will be truncated to 256. Consider pre-splitting your data to save memory.
[WARNING] Some sequences are longer than 256 tokens. The longest sentence 302 will be truncated to 256. Consider pre-splitting your data to save memory.
[WARNING] Some sequences are longer than 256 tokens. The longest sentence 436 will be truncated to 256. Consider pre-splitting your data to save memory.
[WARNING] Some sequences are longer than 256 tokens. The longest sentence 647 will be truncated to 256. Consider pre-splitting your data to save memory.
[WARNING] Some sequences are longer than 256 tokens. The longest sentence 283 will be truncated to 256. Consider pre-splitting your data to save memory.
[WARNING] Some sequences are longer than 256 tokens. The longest sentence 265 will be truncated to 256. Consider pre-splitting your data to save memory.
[WARNING] Some sequences are longer than 256 tokens. The longest sentence 263 will be truncated to 256. Consider pre-splitting your data to save memory.
[WARNING] Some sequences are longer than 256 tokens. The longest sentence 264 will be truncated to 256. Consider pre-splitting your data to save memory.
[WARNING] Some sequences are longer than 256 tokens. The longest sentence 424 will be truncated to 256. Consider pre-splitting your data to save memory.
[WARNING] Some sequences are longer than 256 tokens. The longest sentence 304 will be truncated to 256. Consider pre-splitting your data to save memory.
[WARNING] Some sequences are longer than 256 tokens. The longest sentence 312 will be truncated to 256. Consider pre-splitting your data to save memory.
[WARNING] Some sequences are longer than 256 tokens. The longest sentence 294 will be truncated to 256. Consider pre-splitting your data to save memory.
[WARNING] Some sequences are longer than 256 tokens. The longest sentence 495 will be truncated to 256. Consider pre-splitting your data to save memory.
[WARNING] Some sequences are longer than 256 tokens. The longest sentence 401 will be truncated to 256. Consider pre-splitting your data to save memory.
[WARNING] Some sequences are longer than 256 tokens. The longest sentence 328 will be truncated to 256. Consider pre-splitting your data to save memory.
[WARNING] Some sequences are longer than 256 tokens. The longest sentence 274 will be truncated to 256. Consider pre-splitting your data to save memory.
[WARNING] Some sequences are longer than 256 tokens. The longest sentence 643 will be truncated to 256. Consider pre-splitting your data to save memory.
[WARNING] Some sequences are longer than 256 tokens. The longest sentence 544 will be truncated to 256. Consider pre-splitting your data to save memory.
[WARNING] Some sequences are longer than 256 tokens. The longest sentence 351 will be truncated to 256. Consider pre-splitting your data to save memory.
[WARNING] Some sequences are longer than 256 tokens. The longest sentence 858 will be truncated to 256. Consider pre-splitting your data to save memory.
[WARNING] Some sequences are longer than 256 tokens. The longest sentence 345 will be truncated to 256. Consider pre-splitting your data to save memory.
[WARNING] Some sequences are longer than 256 tokens. The longest sentence 330 will be truncated to 256. Consider pre-splitting your data to save memory.
[WARNING] Some sequences are longer than 256 tokens. The longest sentence 291 will be truncated to 256. Consider pre-splitting your data to save memory.
Calculating loss...: 636it [05:08,  1.75it/s]
Calculating loss...: 637it [05:09,  2.02it/s]
Calculating loss...: 638it [05:09,  2.04it/s]
Calculating loss...: 639it [05:09,  2.31it/s]
Calculating loss...: 640it [05:10,  2.52it/s]
Calculating loss...: 641it [05:10,  2.40it/s]
Calculating loss...: 642it [05:10,  2.58it/s]
Calculating loss...: 643it [05:11,  2.08it/s]
Calculating loss...: 644it [05:11,  2.29it/s]
Calculating loss...: 645it [05:12,  2.53it/s]
Calculating loss...: 646it [05:12,  2.06it/s]
Calculating loss...: 647it [05:13,  2.33it/s]
Calculating loss...: 648it [05:13,  2.03it/s]
Calculating loss...: 649it [05:14,  1.86it/s]
Calculating loss...: 650it [05:14,  1.93it/s]
Calculating loss...: 651it [05:15,  1.98it/s]
Calculating loss...: 652it [05:15,  2.26it/s]
Calculating loss...: 653it [05:16,  2.22it/s]
Calculating loss...: 654it [05:16,  1.91it/s]
Calculating loss...: 655it [05:17,  1.96it/s]
Calculating loss...: 656it [05:18,  1.77it/s]
Calculating loss...: 657it [05:18,  1.70it/s]
Calculating loss...: 658it [05:19,  1.80it/s]
Calculating loss...: 659it [05:19,  2.08it/s]
Calculating loss...: 660it [05:19,  2.31it/s]
Calculating loss...: 661it [05:20,  1.96it/s]
Calculating loss...: 662it [05:20,  2.21it/s]
Calculating loss...: 663it [05:21,  1.90it/s]
Calculating loss...: 664it [05:21,  1.97it/s]
Calculating loss...: 665it [05:22,  2.22it/s]
Calculating loss...: 666it [05:22,  2.20it/s]
Calculating loss...: 667it [05:23,  1.90it/s]
Calculating loss...: 668it [05:24,  1.78it/s]
Calculating loss...: 669it [05:24,  1.87it/s]
Calculating loss...: 670it [05:25,  1.93it/s]
Calculating loss...: 671it [05:25,  2.19it/s]
Calculating loss...: 672it [05:26,  1.90it/s]
Calculating loss...: 673it [05:26,  1.78it/s]
Calculating loss...: 674it [05:27,  1.87it/s]
Calculating loss...: 675it [05:27,  2.13it/s]
Calculating loss...: 676it [05:27,  2.39it/s]
Calculating loss...: 677it [05:28,  2.58it/s]
Calculating loss...: 678it [05:28,  2.44it/s]
Calculating loss...: 679it [05:29,  2.34it/s]
Calculating loss...: 680it [05:29,  2.27it/s]
Calculating loss...: 681it [05:29,  2.48it/s]
Calculating loss...: 682it [05:30,  2.37it/s]
Calculating loss...: 683it [05:30,  2.56it/s]
Calculating loss...: 684it [05:30,  2.72it/s]
Calculating loss...: 685it [05:31,  2.49it/s]
Calculating loss...: 686it [05:31,  2.69it/s]
Calculating loss...: 687it [05:32,  2.47it/s]
Calculating loss...: 688it [05:32,  2.34it/s]
Calculating loss...: 689it [05:33,  1.97it/s]
Calculating loss...: 690it [05:33,  2.22it/s]
Calculating loss...: 691it [05:34,  2.44it/s]
Calculating loss...: 692it [05:34,  2.62it/s]
Calculating loss...: 693it [05:35,  2.11it/s]
Calculating loss...: 694it [05:35,  1.90it/s]
Calculating loss...: 695it [05:36,  1.97it/s]
Calculating loss...: 696it [05:36,  2.24it/s]
Calculating loss...: 697it [05:37,  1.99it/s]
Calculating loss...: 698it [05:37,  2.24it/s]
Calculating loss...: 699it [05:38,  1.93it/s]
Calculating loss...: 700it [05:38,  1.98it/s]
Calculating loss...: 701it [05:38,  2.03it/s]
Calculating loss...: 702it [05:39,  2.06it/s]
Calculating loss...: 703it [05:39,  2.30it/s]
Calculating loss...: 704it [05:40,  2.02it/s]
Calculating loss...: 705it [05:41,  1.80it/s]
Calculating loss...: 706it [05:41,  2.07it/s]
Calculating loss...: 707it [05:41,  2.31it/s]
Calculating loss...: 708it [05:42,  2.54it/s]
Calculating loss...: 709it [05:42,  2.38it/s]
Calculating loss...: 710it [05:42,  2.31it/s]
Calculating loss...: 711it [05:43,  2.03it/s]
Calculating loss...: 712it [05:43,  2.27it/s]
Calculating loss...: 713it [05:44,  2.21it/s]
Calculating loss...: 714it [05:44,  2.17it/s]
Calculating loss...: 715it [05:45,  1.94it/s]
Calculating loss...: 716it [05:46,  1.81it/s]
Calculating loss...: 717it [05:46,  2.08it/s]
Calculating loss...: 718it [05:46,  2.34it/s]
Calculating loss...: 719it [05:47,  2.03it/s]
Calculating loss...: 720it [05:47,  2.05it/s]
Calculating loss...: 721it [05:48,  1.82it/s]
Calculating loss...: 722it [05:49,  1.69it/s]
Calculating loss...: 723it [05:49,  1.65it/s]
Calculating loss...: 724it [05:50,  1.58it/s]
Calculating loss...: 725it [05:50,  1.87it/s]
Calculating loss...: 726it [05:51,  1.94it/s]
Calculating loss...: 727it [05:52,  1.77it/s]
Calculating loss...: 728it [05:52,  1.66it/s]
Calculating loss...: 729it [05:53,  1.77it/s]
Calculating loss...: 730it [05:53,  1.85it/s]
Calculating loss...: 731it [05:54,  2.11it/s]
Calculating loss...: 732it [05:54,  1.86it/s]
Calculating loss...: 733it [05:55,  1.93it/s]
Calculating loss...: 734it [05:55,  2.19it/s]
Calculating loss...: 735it [05:55,  2.41it/s]
Calculating loss...: 736it [05:56,  2.07it/s]
Calculating loss...: 737it [05:57,  1.83it/s]
Calculating loss...: 738it [05:57,  2.10it/s]
Calculating loss...: 739it [05:57,  2.36it/s]
Calculating loss...: 740it [05:58,  2.56it/s]
Calculating loss...: 741it [05:58,  2.42it/s]
Calculating loss...: 742it [05:59,  2.31it/s]
Calculating loss...: 743it [05:59,  2.54it/s]
Calculating loss...: 744it [06:00,  2.07it/s]
Calculating loss...: 745it [06:00,  1.84it/s]
Calculating loss...: 746it [06:01,  1.70it/s]
Calculating loss...: 747it [06:01,  1.80it/s]
Calculating loss...: 748it [06:02,  1.89it/s]
Calculating loss...: 749it [06:02,  2.17it/s]
Calculating loss...: 750it [06:03,  2.16it/s]
Calculating loss...: 751it [06:03,  2.41it/s]
Calculating loss...: 752it [06:03,  2.32it/s]
Calculating loss...: 753it [06:04,  2.27it/s]
Calculating loss...: 754it [06:04,  2.23it/s]
Calculating loss...: 755it [06:05,  2.44it/s]
Calculating loss...: 756it [06:05,  2.65it/s]
Calculating loss...: 757it [06:05,  2.79it/s]
Calculating loss...: 758it [06:06,  2.56it/s]
Calculating loss...: 759it [06:06,  2.42it/s]
Calculating loss...: 760it [06:07,  2.64it/s]
Calculating loss...: 761it [06:07,  2.82it/s]
Calculating loss...: 762it [06:07,  2.96it/s]
Calculating loss...: 763it [06:08,  2.26it/s]
Calculating loss...: 764it [06:08,  1.99it/s]
Calculating loss...: 765it [06:09,  2.03it/s]
Calculating loss...: 766it [06:09,  2.27it/s]
Calculating loss...: 767it [06:10,  2.49it/s]
Calculating loss...: 768it [06:10,  2.05it/s]
Calculating loss...: 769it [06:11,  2.06it/s]
Calculating loss...: 770it [06:11,  2.29it/s]
Calculating loss...: 771it [06:11,  2.25it/s]
Calculating loss...: 772it [06:12,  2.49it/s]
Calculating loss...: 773it [06:12,  2.70it/s]
Calculating loss...: 774it [06:13,  2.49it/s]
Calculating loss...: 775it [06:13,  2.38it/s]
Calculating loss...: 776it [06:14,  2.30it/s]
Calculating loss...: 777it [06:14,  2.23it/s]
Calculating loss...: 778it [06:15,  1.92it/s]
Calculating loss...: 779it [06:15,  1.75it/s]
Calculating loss...: 780it [06:16,  1.86it/s]
Calculating loss...: 781it [06:16,  1.93it/s]
Calculating loss...: 782it [06:17,  1.75it/s]
Calculating loss...: 783it [06:17,  1.84it/s]
Calculating loss...: 784it [06:18,  1.92it/s]
Calculating loss...: 785it [06:18,  1.97it/s]
Calculating loss...: 786it [06:19,  2.22it/s]
Calculating loss...: 787it [06:19,  1.92it/s]
Calculating loss...: 788it [06:20,  1.97it/s]
Calculating loss...: 789it [06:21,  1.77it/s]
Calculating loss...: 790it [06:21,  1.66it/s]
Calculating loss...: 791it [06:22,  1.78it/s]
Calculating loss...: 792it [06:22,  1.67it/s]
Calculating loss...: 793it [06:23,  1.96it/s]
Calculating loss...: 794it [06:23,  2.21it/s]
Calculating loss...: 795it [06:24,  1.91it/s]
Calculating loss...: 796it [06:24,  1.97it/s]
Calculating loss...: 797it [06:25,  2.25it/s]
Calculating loss...: 798it [06:25,  1.93it/s]
Calculating loss...: 799it [06:26,  2.19it/s]
Calculating loss...: 800it [06:26,  2.17it/s]
Calculating loss...: 801it [06:26,  2.16it/s]
Calculating loss...: 802it [06:27,  2.38it/s]
Calculating loss...: 803it [06:27,  2.00it/s]
Calculating loss...: 804it [06:28,  2.25it/s]
Calculating loss...: 805it [06:28,  2.49it/s]
Calculating loss...: 806it [06:29,  2.38it/s]
Calculating loss...: 807it [06:29,  2.57it/s]
Calculating loss...: 808it [06:29,  2.72it/s]
Calculating loss...: 809it [06:30,  2.51it/s]
Calculating loss...: 810it [06:30,  2.39it/s]
Calculating loss...: 811it [06:30,  2.58it/s]
Calculating loss...: 812it [06:31,  2.74it/s]
Calculating loss...: 813it [06:31,  2.54it/s]
Calculating loss...: 814it [06:32,  2.40it/s]
Calculating loss...: 815it [06:32,  2.62it/s]
Calculating loss...: 816it [06:32,  2.76it/s]
Calculating loss...: 817it [06:33,  2.54it/s]
Calculating loss...: 818it [06:33,  2.38it/s]
Calculating loss...: 819it [06:34,  2.61it/s]
Calculating loss...: 820it [06:34,  2.79it/s]
Calculating loss...: 821it [06:34,  2.56it/s]
Calculating loss...: 822it [06:35,  2.07it/s]
Calculating loss...: 823it [06:35,  2.08it/s]
Calculating loss...: 824it [06:36,  1.89it/s]
Calculating loss...: 825it [06:37,  1.74it/s]
Calculating loss...: 826it [06:37,  1.64it/s]
Calculating loss...: 827it [06:38,  1.76it/s]
Calculating loss...: 828it [06:38,  2.03it/s]
Calculating loss...: 829it [06:39,  2.05it/s]
Calculating loss...: 830it [06:39,  1.83it/s]
Calculating loss...: 831it [06:40,  2.09it/s]
Calculating loss...: 832it [06:40,  2.10it/s]
Calculating loss...: 833it [06:41,  2.09it/s]
Calculating loss...: 834it [06:41,  2.36it/s]
Calculating loss...: 835it [06:42,  2.04it/s]
Calculating loss...: 836it [06:42,  1.82it/s]
Calculating loss...: 837it [06:43,  1.70it/s]
Calculating loss...: 838it [06:44,  1.65it/s]
Calculating loss...: 839it [06:44,  1.77it/s]
Calculating loss...: 840it [06:45,  1.87it/s]
Calculating loss...: 841it [06:45,  1.93it/s]
Calculating loss...: 842it [06:46,  1.99it/s]
Calculating loss...: 843it [06:46,  2.24it/s]
Calculating loss...: 844it [06:46,  2.21it/s]
Calculating loss...: 845it [06:47,  2.43it/s]
Calculating loss...: 846it [06:47,  2.64it/s]
Calculating loss...: 847it [06:48,  2.12it/s]
Calculating loss...: 848it [06:48,  1.86it/s]
Calculating loss...: 849it [06:49,  2.13it/s]
Calculating loss...: 850it [06:49,  1.87it/s]
Calculating loss...: 851it [06:50,  1.94it/s]
Calculating loss...: 852it [06:50,  2.19it/s]
Calculating loss...: 853it [06:51,  2.16it/s]
Calculating loss...: 854it [06:51,  2.38it/s]
Calculating loss...: 855it [06:51,  2.61it/s]
Calculating loss...: 856it [06:52,  2.43it/s]
Calculating loss...: 857it [06:52,  2.61it/s]
Calculating loss...: 858it [06:52,  2.42it/s]
Calculating loss...: 859it [06:53,  2.32it/s]
Calculating loss...: 860it [06:54,  1.96it/s]
Calculating loss...: 861it [06:54,  1.77it/s]
Calculating loss...: 862it [06:55,  1.87it/s]
Calculating loss...: 863it [06:55,  1.92it/s]
Calculating loss...: 864it [06:56,  1.98it/s]
Calculating loss...: 865it [06:56,  1.78it/s]
Calculating loss...: 866it [06:57,  1.66it/s]
Calculating loss...: 867it [06:58,  1.64it/s]
Calculating loss...: 868it [06:58,  1.76it/s]
Calculating loss...: 869it [06:59,  1.86it/s]
Calculating loss...: 870it [06:59,  1.71it/s]
Calculating loss...: 871it [07:00,  1.81it/s]
Calculating loss...: 872it [07:00,  1.90it/s]
Calculating loss...: 873it [07:01,  2.18it/s]
Calculating loss...: 874it [07:01,  1.90it/s]
Calculating loss...: 875it [07:02,  1.74it/s]
Calculating loss...: 876it [07:02,  2.01it/s]
Calculating loss...: 877it [07:03,  2.03it/s]
Calculating loss...: 878it [07:03,  1.87it/s]
Calculating loss...: 879it [07:04,  1.72it/s]
Calculating loss...: 880it [07:05,  1.82it/s]
Calculating loss...: 881it [07:05,  1.69it/s]
Calculating loss...: 882it [07:06,  1.61it/s]
Calculating loss...: 883it [07:06,  1.89it/s]
Calculating loss...: 884it [07:07,  1.79it/s]
Calculating loss...: 885it [07:07,  1.88it/s]
Calculating loss...: 886it [07:08,  2.16it/s]
Calculating loss...: 887it [07:08,  1.88it/s]
Calculating loss...: 888it [07:09,  1.72it/s]
Calculating loss...: 889it [07:10,  1.68it/s]
Calculating loss...: 890it [07:10,  1.64it/s]
Calculating loss...: 891it [07:11,  1.76it/s]
Calculating loss...: 892it [07:11,  1.85it/s]
Calculating loss...: 893it [07:12,  1.71it/s]
Calculating loss...: 894it [07:13,  1.61it/s]
Calculating loss...: 895it [07:13,  1.55it/s]
Calculating loss...: 896it [07:14,  1.51it/s]
Calculating loss...: 897it [07:15,  1.48it/s]
Calculating loss...: 898it [07:16,  1.47it/s]
Calculating loss...: 899it [07:16,  1.62it/s]
Calculating loss...: 900it [07:16,  1.91it/s]
Calculating loss...: 901it [07:17,  1.97it/s]
Calculating loss...: 902it [07:17,  2.01it/s]
Calculating loss...: 903it [07:18,  2.04it/s]
Calculating loss...: 904it [07:18,  2.05it/s]
Calculating loss...: 905it [07:19,  2.08it/s]
Calculating loss...: 906it [07:19,  2.09it/s]
Calculating loss...: 907it [07:20,  1.84it/s]
Calculating loss...: 908it [07:20,  1.75it/s]
Calculating loss...: 909it [07:21,  1.85it/s]
Calculating loss...: 910it [07:21,  1.93it/s]
Calculating loss...: 911it [07:22,  1.99it/s]
Calculating loss...: 912it [07:22,  2.04it/s]
Calculating loss...: 913it [07:23,  2.07it/s]
Calculating loss...: 914it [07:23,  2.33it/s]
Calculating loss...: 915it [07:23,  2.56it/s]
Calculating loss...: 916it [07:24,  2.75it/s]
Calculating loss...: 917it [07:24,  2.53it/s]
Calculating loss...: 918it [07:25,  2.69it/s]
Calculating loss...: 919it [07:25,  3.17it/s]
Calculating loss...: 920it [07:25,  2.34it/s]
Calculating loss...: 921it [07:26,  2.57it/s]
Calculating loss...: 922it [07:26,  2.40it/s]
Calculating loss...: 923it [07:26,  2.62it/s]
Calculating loss...: 924it [07:27,  2.45it/s]
Calculating loss...: 925it [07:28,  2.03it/s]
Calculating loss...: 926it [07:28,  2.30it/s]
Calculating loss...: 927it [07:28,  2.25it/s]
Calculating loss...: 928it [07:29,  2.21it/s]
Calculating loss...: 929it [07:30,  1.90it/s]
Calculating loss...: 930it [07:30,  1.74it/s]
Calculating loss...: 930it [07:30,  2.06it/s]

[WARNING] Some sequences are longer than 256 tokens. The longest sentence 264 will be truncated to 256. Consider pre-splitting your data to save memory.
[WARNING] Some sequences are longer than 256 tokens. The longest sentence 264 will be truncated to 256. Consider pre-splitting your data to save memory.
[WARNING] Some sequences are longer than 256 tokens. The longest sentence 357 will be truncated to 256. Consider pre-splitting your data to save memory.
[WARNING] Some sequences are longer than 256 tokens. The longest sentence 283 will be truncated to 256. Consider pre-splitting your data to save memory.
[WARNING] Some sequences are longer than 256 tokens. The longest sentence 434 will be truncated to 256. Consider pre-splitting your data to save memory.
[WARNING] Some sequences are longer than 256 tokens. The longest sentence 327 will be truncated to 256. Consider pre-splitting your data to save memory.
[WARNING] Some sequences are longer than 256 tokens. The longest sentence 260 will be truncated to 256. Consider pre-splitting your data to save memory.
[WARNING] Some sequences are longer than 256 tokens. The longest sentence 306 will be truncated to 256. Consider pre-splitting your data to save memory.
[WARNING] Some sequences are longer than 256 tokens. The longest sentence 269 will be truncated to 256. Consider pre-splitting your data to save memory.
[WARNING] Some sequences are longer than 256 tokens. The longest sentence 263 will be truncated to 256. Consider pre-splitting your data to save memory.
[WARNING] Some sequences are longer than 256 tokens. The longest sentence 552 will be truncated to 256. Consider pre-splitting your data to save memory.
[WARNING] Some sequences are longer than 256 tokens. The longest sentence 679 will be truncated to 256. Consider pre-splitting your data to save memory.
[WARNING] Some sequences are longer than 256 tokens. The longest sentence 333 will be truncated to 256. Consider pre-splitting your data to save memory.
[WARNING] Some sequences are longer than 256 tokens. The longest sentence 427 will be truncated to 256. Consider pre-splitting your data to save memory.
[WARNING] Some sequences are longer than 256 tokens. The longest sentence 289 will be truncated to 256. Consider pre-splitting your data to save memory.
[WARNING] Some sequences are longer than 256 tokens. The longest sentence 296 will be truncated to 256. Consider pre-splitting your data to save memory.
[WARNING] Some sequences are longer than 256 tokens. The longest sentence 390 will be truncated to 256. Consider pre-splitting your data to save memory.
[WARNING] Some sequences are longer than 256 tokens. The longest sentence 3144 will be truncated to 256. Consider pre-splitting your data to save memory.
[WARNING] Some sequences are longer than 256 tokens. The longest sentence 278 will be truncated to 256. Consider pre-splitting your data to save memory.
[WARNING] Some sequences are longer than 256 tokens. The longest sentence 573 will be truncated to 256. Consider pre-splitting your data to save memory.
[WARNING] Some sequences are longer than 256 tokens. The longest sentence 420 will be truncated to 256. Consider pre-splitting your data to save memory.
[WARNING] Some sequences are longer than 256 tokens. The longest sentence 1045 will be truncated to 256. Consider pre-splitting your data to save memory.
[WARNING] Some sequences are longer than 256 tokens. The longest sentence 455 will be truncated to 256. Consider pre-splitting your data to save memory.
[WARNING] Some sequences are longer than 256 tokens. The longest sentence 293 will be truncated to 256. Consider pre-splitting your data to save memory.
[WARNING] Some sequences are longer than 256 tokens. The longest sentence 306 will be truncated to 256. Consider pre-splitting your data to save memory.
[WARNING] Some sequences are longer than 256 tokens. The longest sentence 1662 will be truncated to 256. Consider pre-splitting your data to save memory.
[WARNING] Some sequences are longer than 256 tokens. The longest sentence 300 will be truncated to 256. Consider pre-splitting your data to save memory.
[WARNING] Some sequences are longer than 256 tokens. The longest sentence 269 will be truncated to 256. Consider pre-splitting your data to save memory.
[WARNING] Some sequences are longer than 256 tokens. The longest sentence 259 will be truncated to 256. Consider pre-splitting your data to save memory.
[WARNING] Some sequences are longer than 256 tokens. The longest sentence 465 will be truncated to 256. Consider pre-splitting your data to save memory.
[WARNING] Some sequences are longer than 256 tokens. The longest sentence 267 will be truncated to 256. Consider pre-splitting your data to save memory.
[WARNING] Some sequences are longer than 256 tokens. The longest sentence 423 will be truncated to 256. Consider pre-splitting your data to save memory.
[WARNING] Some sequences are longer than 256 tokens. The longest sentence 322 will be truncated to 256. Consider pre-splitting your data to save memory.
[WARNING] Some sequences are longer than 256 tokens. The longest sentence 356 will be truncated to 256. Consider pre-splitting your data to save memory.
[WARNING] Some sequences are longer than 256 tokens. The longest sentence 274 will be truncated to 256. Consider pre-splitting your data to save memory.
[WARNING] Some sequences are longer than 256 tokens. The longest sentence 2218 will be truncated to 256. Consider pre-splitting your data to save memory.
[WARNING] Some sequences are longer than 256 tokens. The longest sentence 288 will be truncated to 256. Consider pre-splitting your data to save memory.
[WARNING] Some sequences are longer than 256 tokens. The longest sentence 418 will be truncated to 256. Consider pre-splitting your data to save memory.
[WARNING] Some sequences are longer than 256 tokens. The longest sentence 285 will be truncated to 256. Consider pre-splitting your data to save memory.
[WARNING] Some sequences are longer than 256 tokens. The longest sentence 269 will be truncated to 256. Consider pre-splitting your data to save memory.
[WARNING] Some sequences are longer than 256 tokens. The longest sentence 4560 will be truncated to 256. Consider pre-splitting your data to save memory.
[WARNING] Some sequences are longer than 256 tokens. The longest sentence 662 will be truncated to 256. Consider pre-splitting your data to save memory.
[WARNING] Some sequences are longer than 256 tokens. The longest sentence 512 will be truncated to 256. Consider pre-splitting your data to save memory.
[WARNING] Some sequences are longer than 256 tokens. The longest sentence 277 will be truncated to 256. Consider pre-splitting your data to save memory.
[WARNING] Some sequences are longer than 256 tokens. The longest sentence 3313 will be truncated to 256. Consider pre-splitting your data to save memory.
[WARNING] Some sequences are longer than 256 tokens. The longest sentence 2887 will be truncated to 256. Consider pre-splitting your data to save memory.
[WARNING] Some sequences are longer than 256 tokens. The longest sentence 264 will be truncated to 256. Consider pre-splitting your data to save memory.
[WARNING] Some sequences are longer than 256 tokens. The longest sentence 281 will be truncated to 256. Consider pre-splitting your data to save memory.
[WARNING] Some sequences are longer than 256 tokens. The longest sentence 364 will be truncated to 256. Consider pre-splitting your data to save memory.
[WARNING] Some sequences are longer than 256 tokens. The longest sentence 265 will be truncated to 256. Consider pre-splitting your data to save memory.
[WARNING] Some sequences are longer than 256 tokens. The longest sentence 300 will be truncated to 256. Consider pre-splitting your data to save memory.
[WARNING] Some sequences are longer than 256 tokens. The longest sentence 299 will be truncated to 256. Consider pre-splitting your data to save memory.
[WARNING] Some sequences are longer than 256 tokens. The longest sentence 278 will be truncated to 256. Consider pre-splitting your data to save memory.
[WARNING] Some sequences are longer than 256 tokens. The longest sentence 328 will be truncated to 256. Consider pre-splitting your data to save memory.
[WARNING] Some sequences are longer than 256 tokens. The longest sentence 309 will be truncated to 256. Consider pre-splitting your data to save memory.
[WARNING] Some sequences are longer than 256 tokens. The longest sentence 341 will be truncated to 256. Consider pre-splitting your data to save memory.
[WARNING] Some sequences are longer than 256 tokens. The longest sentence 289 will be truncated to 256. Consider pre-splitting your data to save memory.
[WARNING] Some sequences are longer than 256 tokens. The longest sentence 296 will be truncated to 256. Consider pre-splitting your data to save memory.
[WARNING] Some sequences are longer than 256 tokens. The longest sentence 309 will be truncated to 256. Consider pre-splitting your data to save memory.
[WARNING] Some sequences are longer than 256 tokens. The longest sentence 384 will be truncated to 256. Consider pre-splitting your data to save memory.
[WARNING] Some sequences are longer than 256 tokens. The longest sentence 441 will be truncated to 256. Consider pre-splitting your data to save memory.
[WARNING] Some sequences are longer than 256 tokens. The longest sentence 273 will be truncated to 256. Consider pre-splitting your data to save memory.
[WARNING] Some sequences are longer than 256 tokens. The longest sentence 483 will be truncated to 256. Consider pre-splitting your data to save memory.
[WARNING] Some sequences are longer than 256 tokens. The longest sentence 259 will be truncated to 256. Consider pre-splitting your data to save memory.
[WARNING] Some sequences are longer than 256 tokens. The longest sentence 318 will be truncated to 256. Consider pre-splitting your data to save memory.
[WARNING] Some sequences are longer than 256 tokens. The longest sentence 296 will be truncated to 256. Consider pre-splitting your data to save memory.
[WARNING] Some sequences are longer than 256 tokens. The longest sentence 347 will be truncated to 256. Consider pre-splitting your data to save memory.
[WARNING] Some sequences are longer than 256 tokens. The longest sentence 264 will be truncated to 256. Consider pre-splitting your data to save memory.
[WARNING] Some sequences are longer than 256 tokens. The longest sentence 509 will be truncated to 256. Consider pre-splitting your data to save memory.
[WARNING] Some sequences are longer than 256 tokens. The longest sentence 282 will be truncated to 256. Consider pre-splitting your data to save memory.
[WARNING] Some sequences are longer than 256 tokens. The longest sentence 383 will be truncated to 256. Consider pre-splitting your data to save memory.
[WARNING] Some sequences are longer than 256 tokens. The longest sentence 290 will be truncated to 256. Consider pre-splitting your data to save memory.
[WARNING] Some sequences are longer than 256 tokens. The longest sentence 318 will be truncated to 256. Consider pre-splitting your data to save memory.
[WARNING] Some sequences are longer than 256 tokens. The longest sentence 260 will be truncated to 256. Consider pre-splitting your data to save memory.
[WARNING] Some sequences are longer than 256 tokens. The longest sentence 525 will be truncated to 256. Consider pre-splitting your data to save memory.
[WARNING] Some sequences are longer than 256 tokens. The longest sentence 505 will be truncated to 256. Consider pre-splitting your data to save memory.
[WARNING] Some sequences are longer than 256 tokens. The longest sentence 497 will be truncated to 256. Consider pre-splitting your data to save memory.
[WARNING] Some sequences are longer than 256 tokens. The longest sentence 785 will be truncated to 256. Consider pre-splitting your data to save memory.
[WARNING] Some sequences are longer than 256 tokens. The longest sentence 275 will be truncated to 256. Consider pre-splitting your data to save memory.
[WARNING] Some sequences are longer than 256 tokens. The longest sentence 450 will be truncated to 256. Consider pre-splitting your data to save memory.
[WARNING] Some sequences are longer than 256 tokens. The longest sentence 318 will be truncated to 256. Consider pre-splitting your data to save memory.
[WARNING] Some sequences are longer than 256 tokens. The longest sentence 312 will be truncated to 256. Consider pre-splitting your data to save memory.
[WARNING] Some sequences are longer than 256 tokens. The longest sentence 267 will be truncated to 256. Consider pre-splitting your data to save memory.
[WARNING] Some sequences are longer than 256 tokens. The longest sentence 356 will be truncated to 256. Consider pre-splitting your data to save memory.
[WARNING] Some sequences are longer than 256 tokens. The longest sentence 356 will be truncated to 256. Consider pre-splitting your data to save memory.
[WARNING] Some sequences are longer than 256 tokens. The longest sentence 415 will be truncated to 256. Consider pre-splitting your data to save memory.
[WARNING] Some sequences are longer than 256 tokens. The longest sentence 309 will be truncated to 256. Consider pre-splitting your data to save memory.
[WARNING] Some sequences are longer than 256 tokens. The longest sentence 1077 will be truncated to 256. Consider pre-splitting your data to save memory.
[WARNING] Some sequences are longer than 256 tokens. The longest sentence 407 will be truncated to 256. Consider pre-splitting your data to save memory.
[WARNING] Some sequences are longer than 256 tokens. The longest sentence 330 will be truncated to 256. Consider pre-splitting your data to save memory.
[WARNING] Some sequences are longer than 256 tokens. The longest sentence 297 will be truncated to 256. Consider pre-splitting your data to save memory.
[WARNING] Some sequences are longer than 256 tokens. The longest sentence 286 will be truncated to 256. Consider pre-splitting your data to save memory.
[WARNING] Some sequences are longer than 256 tokens. The longest sentence 262 will be truncated to 256. Consider pre-splitting your data to save memory.
[WARNING] Some sequences are longer than 256 tokens. The longest sentence 301 will be truncated to 256. Consider pre-splitting your data to save memory.
[WARNING] Some sequences are longer than 256 tokens. The longest sentence 312 will be truncated to 256. Consider pre-splitting your data to save memory.
[WARNING] Some sequences are longer than 256 tokens. The longest sentence 570 will be truncated to 256. Consider pre-splitting your data to save memory.
[WARNING] Some sequences are longer than 256 tokens. The longest sentence 621 will be truncated to 256. Consider pre-splitting your data to save memory.
[WARNING] Some sequences are longer than 256 tokens. The longest sentence 570 will be truncated to 256. Consider pre-splitting your data to save memory.
[WARNING] Some sequences are longer than 256 tokens. The longest sentence 360 will be truncated to 256. Consider pre-splitting your data to save memory.
[WARNING] Some sequences are longer than 256 tokens. The longest sentence 269 will be truncated to 256. Consider pre-splitting your data to save memory.
[WARNING] Some sequences are longer than 256 tokens. The longest sentence 741 will be truncated to 256. Consider pre-splitting your data to save memory.
[WARNING] Some sequences are longer than 256 tokens. The longest sentence 355 will be truncated to 256. Consider pre-splitting your data to save memory.
[WARNING] Some sequences are longer than 256 tokens. The longest sentence 305 will be truncated to 256. Consider pre-splitting your data to save memory.
[WARNING] Some sequences are longer than 256 tokens. The longest sentence 1861 will be truncated to 256. Consider pre-splitting your data to save memory.
[WARNING] Some sequences are longer than 256 tokens. The longest sentence 471 will be truncated to 256. Consider pre-splitting your data to save memory.
Test loss 0.595, Test ppl 1.814.
