Loading configuration file configs/r8a_q8_l16_seq1024.yaml
Loading pretrained model
Loading datasets
Training
Trainable parameters: 0.054% (1.638M/3030.371M)
Starting training..., iters: 200

Calculating loss...:   0%|          | 0/5 [00:00<?, ?it/s]
Calculating loss...:  20%|██        | 1/5 [00:02<00:11,  2.79s/it]
Calculating loss...:  40%|████      | 2/5 [00:03<00:03,  1.30s/it]
Calculating loss...:  60%|██████    | 3/5 [00:03<00:02,  1.11s/it]
Calculating loss...:  80%|████████  | 4/5 [00:04<00:00,  1.18it/s]
Calculating loss...: 100%|██████████| 5/5 [00:04<00:00,  1.47it/s]
Calculating loss...: 100%|██████████| 5/5 [00:04<00:00,  1.05it/s]
[WARNING] Some sequences are longer than 1024 tokens. The longest sentence 1499 will be truncated to 1024. Consider pre-splitting your data to save memory.
Iter 1: Val loss 1.185, Val took 4.774s
Iter 10: Train loss 0.978, Learning Rate 1.000e-04, It/sec 0.878, Tokens/sec 173.504, Trained Tokens 1977, Peak mem 4.836 GB
Iter 20: Train loss 0.606, Learning Rate 1.000e-04, It/sec 1.109, Tokens/sec 185.389, Trained Tokens 3649, Peak mem 4.836 GB
Iter 30: Train loss 0.670, Learning Rate 1.000e-04, It/sec 0.985, Tokens/sec 180.899, Trained Tokens 5485, Peak mem 4.836 GB
Iter 40: Train loss 0.587, Learning Rate 1.000e-04, It/sec 0.942, Tokens/sec 181.879, Trained Tokens 7416, Peak mem 4.836 GB
Iter 50: Train loss 0.613, Learning Rate 1.000e-04, It/sec 0.660, Tokens/sec 181.580, Trained Tokens 10168, Peak mem 5.041 GB
Iter 60: Train loss 0.538, Learning Rate 1.000e-04, It/sec 1.073, Tokens/sec 179.491, Trained Tokens 11841, Peak mem 5.041 GB
Iter 70: Train loss 0.545, Learning Rate 1.000e-04, It/sec 1.041, Tokens/sec 182.050, Trained Tokens 13589, Peak mem 5.041 GB
[WARNING] Some sequences are longer than 1024 tokens. The longest sentence 4206 will be truncated to 1024. Consider pre-splitting your data to save memory.
Iter 80: Train loss 0.619, Learning Rate 1.000e-04, It/sec 0.554, Tokens/sec 183.043, Trained Tokens 16894, Peak mem 5.254 GB
Iter 90: Train loss 0.586, Learning Rate 1.000e-04, It/sec 1.006, Tokens/sec 184.002, Trained Tokens 18723, Peak mem 5.254 GB
[WARNING] Some sequences are longer than 1024 tokens. The longest sentence 4499 will be truncated to 1024. Consider pre-splitting your data to save memory.

Calculating loss...:   0%|          | 0/5 [00:00<?, ?it/s]
Calculating loss...:  20%|██        | 1/5 [00:02<00:10,  2.64s/it]
Calculating loss...:  40%|████      | 2/5 [00:02<00:03,  1.23s/it]
Calculating loss...:  60%|██████    | 3/5 [00:03<00:01,  1.00it/s]
Calculating loss...:  80%|████████  | 4/5 [00:04<00:00,  1.26it/s]
Calculating loss...: 100%|██████████| 5/5 [00:04<00:00,  1.68it/s]
Calculating loss...: 100%|██████████| 5/5 [00:04<00:00,  1.16it/s]
[WARNING] Some sequences are longer than 1024 tokens. The longest sentence 1471 will be truncated to 1024. Consider pre-splitting your data to save memory.
Iter 100: Val loss 1.057, Val took 4.329s
Iter 100: Train loss 0.647, Learning Rate 1.000e-04, It/sec 0.747, Tokens/sec 175.018, Trained Tokens 21066, Peak mem 5.254 GB
Iter 100: Saved adapter weights to adapters/r8a_q8_l16_seq1024/adapters.safetensors and adapters/r8a_q8_l16_seq1024/0000100_adapters.safetensors.
Iter 110: Train loss 0.516, Learning Rate 1.000e-04, It/sec 1.420, Tokens/sec 177.591, Trained Tokens 22317, Peak mem 5.254 GB
Iter 120: Train loss 0.616, Learning Rate 1.000e-04, It/sec 1.285, Tokens/sec 175.934, Trained Tokens 23686, Peak mem 5.254 GB
Iter 130: Train loss 0.543, Learning Rate 1.000e-04, It/sec 0.944, Tokens/sec 171.741, Trained Tokens 25506, Peak mem 5.254 GB
Iter 140: Train loss 0.488, Learning Rate 1.000e-04, It/sec 1.000, Tokens/sec 175.084, Trained Tokens 27256, Peak mem 5.254 GB
Iter 150: Train loss 0.533, Learning Rate 1.000e-04, It/sec 0.874, Tokens/sec 179.095, Trained Tokens 29304, Peak mem 5.254 GB
Iter 160: Train loss 0.652, Learning Rate 1.000e-04, It/sec 1.025, Tokens/sec 176.339, Trained Tokens 31024, Peak mem 5.254 GB
Iter 170: Train loss 0.554, Learning Rate 1.000e-04, It/sec 0.847, Tokens/sec 180.852, Trained Tokens 33159, Peak mem 5.254 GB
Iter 180: Train loss 0.480, Learning Rate 1.000e-04, It/sec 0.779, Tokens/sec 183.369, Trained Tokens 35514, Peak mem 5.254 GB
Iter 190: Train loss 0.413, Learning Rate 1.000e-04, It/sec 0.931, Tokens/sec 177.991, Trained Tokens 37426, Peak mem 5.254 GB

Calculating loss...:   0%|          | 0/5 [00:00<?, ?it/s]
Calculating loss...:  20%|██        | 1/5 [00:00<00:01,  2.54it/s]
Calculating loss...:  40%|████      | 2/5 [00:00<00:00,  3.29it/s]
Calculating loss...:  60%|██████    | 3/5 [00:01<00:00,  2.35it/s]
Calculating loss...:  80%|████████  | 4/5 [00:01<00:00,  2.57it/s]
Calculating loss...: 100%|██████████| 5/5 [00:01<00:00,  2.96it/s]
Calculating loss...: 100%|██████████| 5/5 [00:01<00:00,  2.80it/s]
Iter 200: Val loss 0.551, Val took 1.788s
Iter 200: Train loss 0.518, Learning Rate 1.000e-04, It/sec 1.061, Tokens/sec 183.713, Trained Tokens 39157, Peak mem 5.254 GB
Iter 200: Saved adapter weights to adapters/r8a_q8_l16_seq1024/adapters.safetensors and adapters/r8a_q8_l16_seq1024/0000200_adapters.safetensors.
Saved final weights to adapters/r8a_q8_l16_seq1024/adapters.safetensors.
Testing

Calculating loss...: 0it [00:00, ?it/s]
Calculating loss...: 1it [00:00,  3.25it/s]
Calculating loss...: 2it [00:00,  3.77it/s]
Calculating loss...: 3it [00:01,  2.29it/s]
Calculating loss...: 4it [00:01,  1.91it/s]
Calculating loss...: 5it [00:02,  2.36it/s]
Calculating loss...: 6it [00:02,  1.80it/s]
Calculating loss...: 7it [00:03,  2.21it/s]
Calculating loss...: 8it [00:03,  1.96it/s]
Calculating loss...: 9it [00:04,  1.89it/s]
Calculating loss...: 10it [00:05,  1.29it/s]
Calculating loss...: 11it [00:06,  1.37it/s]
Calculating loss...: 12it [00:06,  1.65it/s]
Calculating loss...: 13it [00:07,  1.84it/s]
Calculating loss...: 14it [00:07,  1.90it/s]
Calculating loss...: 15it [00:08,  1.69it/s]
Calculating loss...: 16it [00:08,  1.87it/s]
Calculating loss...: 17it [00:10,  1.03it/s]
Calculating loss...: 18it [00:10,  1.33it/s]
Calculating loss...: 19it [00:11,  1.38it/s]
Calculating loss...: 20it [00:12,  1.34it/s]
Calculating loss...: 21it [00:12,  1.45it/s]
Calculating loss...: 22it [00:13,  1.65it/s]
Calculating loss...: 23it [00:13,  1.91it/s]
Calculating loss...: 24it [00:14,  1.95it/s]
Calculating loss...: 25it [00:14,  1.80it/s]
Calculating loss...: 26it [00:15,  2.06it/s]
Calculating loss...: 27it [00:15,  2.30it/s]
Calculating loss...: 28it [00:15,  2.36it/s]
Calculating loss...: 29it [00:16,  2.53it/s]
Calculating loss...: 30it [00:16,  2.11it/s]
Calculating loss...: 31it [00:17,  1.59it/s]
Calculating loss...: 32it [00:18,  1.65it/s]
Calculating loss...: 33it [00:19,  1.30it/s]
Calculating loss...: 34it [00:19,  1.46it/s]
Calculating loss...: 35it [00:20,  1.73it/s]
Calculating loss...: 36it [00:20,  2.09it/s]
Calculating loss...: 37it [00:21,  1.98it/s]
Calculating loss...: 38it [00:21,  2.23it/s]
Calculating loss...: 39it [00:21,  2.07it/s]
Calculating loss...: 40it [00:22,  1.79it/s]
Calculating loss...: 41it [00:23,  1.94it/s]
Calculating loss...: 42it [00:23,  2.18it/s]
Calculating loss...: 43it [00:23,  2.53it/s]
Calculating loss...: 44it [00:24,  1.70it/s]
Calculating loss...: 45it [00:25,  2.05it/s]
Calculating loss...: 46it [00:25,  1.70it/s]
Calculating loss...: 47it [00:26,  2.06it/s]
Calculating loss...: 48it [00:26,  1.71it/s]
Calculating loss...: 49it [00:27,  2.07it/s]
Calculating loss...: 50it [00:27,  2.43it/s]
Calculating loss...: 51it [00:27,  2.62it/s]
Calculating loss...: 52it [00:28,  2.16it/s]
Calculating loss...: 53it [00:29,  1.92it/s]
Calculating loss...: 54it [00:29,  1.57it/s]
Calculating loss...: 55it [00:30,  1.70it/s]
Calculating loss...: 56it [00:30,  2.07it/s]
Calculating loss...: 57it [00:30,  2.30it/s]
Calculating loss...: 58it [00:31,  2.64it/s]
Calculating loss...: 59it [00:31,  2.28it/s]
Calculating loss...: 60it [00:32,  1.89it/s]
Calculating loss...: 61it [00:33,  1.94it/s]
Calculating loss...: 62it [00:33,  1.80it/s]
Calculating loss...: 63it [00:34,  1.96it/s]
Calculating loss...: 64it [00:34,  2.19it/s]
Calculating loss...: 65it [00:34,  2.39it/s]
Calculating loss...: 66it [00:35,  2.40it/s]
Calculating loss...: 67it [00:35,  2.41it/s]
Calculating loss...: 68it [00:38,  1.10s/it]
Calculating loss...: 69it [00:38,  1.09it/s]
Calculating loss...: 70it [00:39,  1.36it/s]
Calculating loss...: 71it [00:40,  1.13it/s]
Calculating loss...: 72it [00:40,  1.35it/s]
Calculating loss...: 73it [00:41,  1.62it/s]
Calculating loss...: 74it [00:41,  1.65it/s]
Calculating loss...: 75it [00:42,  1.63it/s]
Calculating loss...: 76it [00:42,  1.99it/s]
Calculating loss...: 77it [00:43,  1.83it/s]
Calculating loss...: 78it [00:43,  1.98it/s]
Calculating loss...: 79it [00:43,  2.21it/s]
Calculating loss...: 80it [00:44,  2.41it/s]
Calculating loss...: 81it [00:45,  1.78it/s]
Calculating loss...: 82it [00:45,  1.96it/s]
Calculating loss...: 83it [00:45,  1.99it/s]
Calculating loss...: 84it [00:46,  2.11it/s]
Calculating loss...: 85it [00:46,  2.20it/s]
Calculating loss...: 86it [00:47,  1.63it/s]
Calculating loss...: 87it [00:47,  1.98it/s]
Calculating loss...: 88it [00:48,  2.36it/s]
Calculating loss...: 89it [00:48,  2.27it/s]
Calculating loss...: 90it [00:49,  2.20it/s]
Calculating loss...: 91it [00:49,  2.54it/s]
Calculating loss...: 92it [00:49,  2.67it/s]
Calculating loss...: 93it [00:50,  2.60it/s]
Calculating loss...: 94it [00:50,  2.26it/s]
Calculating loss...: 95it [00:51,  2.33it/s]
Calculating loss...: 96it [00:51,  2.26it/s]
Calculating loss...: 97it [00:52,  2.30it/s]
Calculating loss...: 98it [00:52,  2.21it/s]
Calculating loss...: 99it [00:52,  2.25it/s]
Calculating loss...: 100it [00:53,  2.59it/s]
Calculating loss...: 101it [00:53,  2.52it/s]
Calculating loss...: 102it [00:53,  2.65it/s]
Calculating loss...: 103it [00:54,  1.84it/s]
Calculating loss...: 104it [00:55,  2.06it/s]
Calculating loss...: 105it [00:55,  2.13it/s]
Calculating loss...: 106it [00:56,  2.07it/s]
Calculating loss...: 107it [00:56,  1.84it/s]
Calculating loss...: 108it [00:57,  2.08it/s]
Calculating loss...: 109it [01:00,  1.17s/it]
Calculating loss...: 110it [01:00,  1.06s/it]
Calculating loss...: 111it [01:01,  1.12it/s]
Calculating loss...: 112it [01:01,  1.29it/s]
Calculating loss...: 113it [01:02,  1.25it/s]
Calculating loss...: 114it [01:03,  1.51it/s]
Calculating loss...: 115it [01:03,  1.78it/s]
Calculating loss...: 116it [01:03,  2.14it/s]
Calculating loss...: 117it [01:03,  2.33it/s]
Calculating loss...: 118it [01:04,  2.34it/s]
Calculating loss...: 119it [01:04,  2.21it/s]
Calculating loss...: 120it [01:05,  2.24it/s]
Calculating loss...: 121it [01:05,  2.28it/s]
Calculating loss...: 122it [01:05,  2.61it/s]
Calculating loss...: 123it [01:06,  2.40it/s]
Calculating loss...: 124it [01:06,  2.57it/s]
Calculating loss...: 125it [01:07,  2.67it/s]
Calculating loss...: 126it [01:07,  2.59it/s]
Calculating loss...: 127it [01:07,  2.53it/s]
Calculating loss...: 128it [01:08,  2.80it/s]
Calculating loss...: 129it [01:08,  2.85it/s]
Calculating loss...: 130it [01:11,  1.08s/it]
Calculating loss...: 131it [01:11,  1.16it/s]
Calculating loss...: 132it [01:12,  1.43it/s]
Calculating loss...: 133it [01:12,  1.59it/s]
Calculating loss...: 134it [01:12,  1.78it/s]
Calculating loss...: 135it [01:13,  2.03it/s]
Calculating loss...: 136it [01:13,  2.01it/s]
Calculating loss...: 137it [01:14,  2.09it/s]
Calculating loss...: 138it [01:14,  2.30it/s]
Calculating loss...: 139it [01:15,  2.08it/s]
Calculating loss...: 140it [01:15,  2.19it/s]
Calculating loss...: 141it [01:16,  1.55it/s]
Calculating loss...: 142it [01:17,  1.53it/s]
Calculating loss...: 143it [01:17,  1.64it/s]
Calculating loss...: 144it [01:17,  2.07it/s]
Calculating loss...: 145it [01:18,  1.86it/s]
Calculating loss...: 146it [01:18,  2.09it/s]
Calculating loss...: 147it [01:19,  2.29it/s]
Calculating loss...: 148it [01:20,  1.59it/s]
Calculating loss...: 149it [01:21,  1.52it/s]
Calculating loss...: 150it [01:21,  1.96it/s]
Calculating loss...: 151it [01:21,  2.11it/s]
Calculating loss...: 152it [01:21,  2.46it/s]
Calculating loss...: 153it [01:22,  2.32it/s]
Calculating loss...: 154it [01:22,  2.11it/s]
Calculating loss...: 155it [01:23,  2.20it/s]
Calculating loss...: 156it [01:23,  2.27it/s]
Calculating loss...: 157it [01:24,  2.34it/s]
Calculating loss...: 158it [01:24,  2.04it/s]
Calculating loss...: 159it [01:25,  1.94it/s]
Calculating loss...: 160it [01:25,  1.97it/s]
Calculating loss...: 161it [01:26,  1.73it/s]
Calculating loss...: 162it [01:27,  1.82it/s]
Calculating loss...: 163it [01:27,  1.60it/s]
Calculating loss...: 164it [01:28,  1.52it/s]
Calculating loss...: 165it [01:28,  1.78it/s]
Calculating loss...: 166it [01:29,  2.14it/s]
Calculating loss...: 167it [01:29,  2.23it/s]
Calculating loss...: 168it [01:29,  2.43it/s]
Calculating loss...: 169it [01:30,  2.78it/s]
Calculating loss...: 170it [01:30,  2.70it/s]
Calculating loss...: 171it [01:32,  1.16it/s]
Calculating loss...: 172it [01:32,  1.38it/s]
Calculating loss...: 173it [01:33,  1.60it/s]
Calculating loss...: 174it [01:34,  1.28it/s]
Calculating loss...: 175it [01:35,  1.26it/s]
Calculating loss...: 176it [01:36,  1.15it/s]
Calculating loss...: 177it [01:36,  1.42it/s]
Calculating loss...: 178it [01:37,  1.45it/s]
Calculating loss...: 179it [01:37,  1.65it/s]
Calculating loss...: 180it [01:38,  1.75it/s]
Calculating loss...: 181it [01:39,  1.55it/s]
Calculating loss...: 182it [01:39,  1.75it/s]
Calculating loss...: 183it [01:39,  2.02it/s]
Calculating loss...: 184it [01:40,  2.13it/s]
Calculating loss...: 185it [01:40,  1.99it/s]
Calculating loss...: 186it [01:41,  2.22it/s]
Calculating loss...: 187it [01:41,  1.95it/s]
Calculating loss...: 188it [01:42,  1.44it/s]
Calculating loss...: 189it [01:44,  1.01s/it]
Calculating loss...: 190it [01:45,  1.24it/s]
Calculating loss...: 191it [01:45,  1.51it/s]
Calculating loss...: 192it [01:45,  1.59it/s]
Calculating loss...: 193it [01:46,  1.77it/s]
Calculating loss...: 194it [01:46,  2.13it/s]
Calculating loss...: 195it [01:47,  1.90it/s]
Calculating loss...: 196it [01:47,  1.70it/s]
Calculating loss...: 197it [01:48,  1.66it/s]
Calculating loss...: 198it [01:48,  1.84it/s]
Calculating loss...: 199it [01:49,  1.99it/s]
Calculating loss...: 200it [01:50,  1.82it/s]
Calculating loss...: 201it [01:50,  1.88it/s]
Calculating loss...: 202it [01:50,  2.02it/s]
Calculating loss...: 203it [01:51,  2.15it/s]
Calculating loss...: 204it [01:51,  2.38it/s]
Calculating loss...: 205it [01:51,  2.55it/s]
Calculating loss...: 206it [01:52,  2.12it/s]
Calculating loss...: 207it [01:52,  2.33it/s]
Calculating loss...: 208it [01:53,  2.66it/s]
Calculating loss...: 209it [01:53,  2.44it/s]
Calculating loss...: 210it [01:53,  2.77it/s]
Calculating loss...: 211it [01:54,  2.53it/s]
Calculating loss...: 212it [01:54,  2.38it/s]
Calculating loss...: 213it [01:55,  1.93it/s]
Calculating loss...: 214it [01:56,  2.06it/s]
Calculating loss...: 215it [01:56,  1.95it/s]
Calculating loss...: 216it [01:57,  1.81it/s]
Calculating loss...: 217it [01:57,  2.07it/s]
Calculating loss...: 218it [01:58,  1.97it/s]
Calculating loss...: 219it [01:58,  2.09it/s]
Calculating loss...: 220it [01:58,  2.30it/s]
Calculating loss...: 221it [01:59,  1.90it/s]
Calculating loss...: 222it [01:59,  2.14it/s]
Calculating loss...: 223it [02:00,  1.85it/s]
Calculating loss...: 224it [02:01,  1.99it/s]
Calculating loss...: 225it [02:01,  2.11it/s]
Calculating loss...: 226it [02:01,  2.32it/s]
Calculating loss...: 227it [02:02,  2.00it/s]
Calculating loss...: 228it [02:02,  2.23it/s]
Calculating loss...: 229it [02:03,  2.59it/s]
Calculating loss...: 230it [02:03,  2.57it/s]
Calculating loss...: 231it [02:03,  2.90it/s]
Calculating loss...: 232it [02:03,  3.17it/s]
Calculating loss...: 233it [02:04,  3.13it/s]
Calculating loss...: 234it [02:04,  2.88it/s]
Calculating loss...: 235it [02:05,  2.73it/s]
Calculating loss...: 236it [02:05,  2.63it/s]
Calculating loss...: 237it [02:05,  2.57it/s]
Calculating loss...: 238it [02:06,  2.16it/s]
Calculating loss...: 239it [02:06,  2.37it/s]
Calculating loss...: 240it [02:07,  2.89it/s]
Calculating loss...: 241it [02:07,  2.57it/s]
Calculating loss...: 242it [02:07,  2.53it/s]
Calculating loss...: 243it [02:08,  2.36it/s]
Calculating loss...: 244it [02:09,  1.57it/s]
Calculating loss...: 245it [02:10,  1.44it/s]
Calculating loss...: 246it [02:10,  1.52it/s]
Calculating loss...: 247it [02:11,  1.79it/s]
Calculating loss...: 248it [02:11,  1.78it/s]
Calculating loss...: 249it [02:12,  1.78it/s]
Calculating loss...: 250it [02:12,  1.86it/s]
Calculating loss...: 251it [02:13,  1.74it/s]
Calculating loss...: 252it [02:14,  1.74it/s]
Calculating loss...: 253it [02:14,  1.74it/s]
Calculating loss...: 254it [02:15,  2.00it/s]
Calculating loss...: 255it [02:15,  2.14it/s]
Calculating loss...: 256it [02:15,  2.50it/s]
Calculating loss...: 257it [02:16,  2.49it/s]
Calculating loss...: 258it [02:16,  2.48it/s]
Calculating loss...: 259it [02:17,  1.89it/s]
Calculating loss...: 260it [02:17,  1.93it/s]
Calculating loss...: 261it [02:18,  2.07it/s]
Calculating loss...: 262it [02:18,  1.98it/s]
Calculating loss...: 263it [02:19,  1.81it/s]
Calculating loss...: 264it [02:19,  2.06it/s]
Calculating loss...: 265it [02:20,  1.70it/s]
Calculating loss...: 266it [02:21,  1.88it/s]
Calculating loss...: 267it [02:22,  1.31it/s]
Calculating loss...: 268it [02:22,  1.52it/s]
Calculating loss...: 269it [02:23,  1.64it/s]
Calculating loss...: 270it [02:24,  1.34it/s]
Calculating loss...: 271it [02:24,  1.51it/s]
Calculating loss...: 272it [02:25,  1.36it/s]
Calculating loss...: 273it [02:25,  1.76it/s]
Calculating loss...: 274it [02:26,  1.93it/s]
Calculating loss...: 275it [02:26,  2.16it/s]
Calculating loss...: 276it [02:26,  2.25it/s]
Calculating loss...: 277it [02:27,  2.20it/s]
Calculating loss...: 278it [02:28,  2.05it/s]
Calculating loss...: 279it [02:28,  1.94it/s]
Calculating loss...: 280it [02:29,  1.88it/s]
Calculating loss...: 281it [02:29,  2.12it/s]
Calculating loss...: 282it [02:29,  2.21it/s]
Calculating loss...: 283it [02:30,  2.57it/s]
Calculating loss...: 284it [02:30,  2.72it/s]
Calculating loss...: 285it [02:30,  2.83it/s]
Calculating loss...: 286it [02:31,  2.53it/s]
Calculating loss...: 287it [02:31,  2.50it/s]
Calculating loss...: 288it [02:32,  1.99it/s]
Calculating loss...: 289it [02:34,  1.15it/s]
Calculating loss...: 290it [02:34,  1.32it/s]
Calculating loss...: 291it [02:36,  1.05it/s]
Calculating loss...: 292it [02:36,  1.07it/s]
Calculating loss...: 293it [02:37,  1.29it/s]
Calculating loss...: 294it [02:37,  1.45it/s]
Calculating loss...: 295it [02:38,  1.52it/s]
Calculating loss...: 296it [02:38,  1.72it/s]
Calculating loss...: 297it [02:39,  1.67it/s]
Calculating loss...: 298it [02:39,  1.77it/s]
Calculating loss...: 299it [02:40,  1.84it/s]
Calculating loss...: 300it [02:40,  2.20it/s]
Calculating loss...: 301it [02:41,  2.40it/s]
Calculating loss...: 302it [02:41,  2.27it/s]
Calculating loss...: 303it [02:43,  1.02it/s]
Calculating loss...: 304it [02:44,  1.31it/s]
Calculating loss...: 305it [02:44,  1.47it/s]
Calculating loss...: 306it [02:44,  1.67it/s]
Calculating loss...: 307it [02:45,  1.78it/s]
Calculating loss...: 308it [02:45,  1.86it/s]
Calculating loss...: 309it [02:46,  2.10it/s]
Calculating loss...: 310it [02:46,  1.98it/s]
Calculating loss...: 311it [02:47,  2.21it/s]
Calculating loss...: 312it [02:47,  2.55it/s]
Calculating loss...: 313it [02:47,  2.67it/s]
Calculating loss...: 314it [02:47,  2.98it/s]
Calculating loss...: 315it [02:48,  2.65it/s]
Calculating loss...: 316it [02:48,  2.45it/s]
Calculating loss...: 317it [02:49,  2.77it/s]
Calculating loss...: 318it [02:49,  2.35it/s]
Calculating loss...: 319it [02:49,  2.68it/s]
Calculating loss...: 320it [02:50,  2.78it/s]
Calculating loss...: 321it [02:50,  3.06it/s]
Calculating loss...: 322it [02:50,  3.06it/s]
Calculating loss...: 323it [02:51,  2.03it/s]
Calculating loss...: 324it [02:52,  1.62it/s]
Calculating loss...: 325it [02:52,  1.88it/s]
Calculating loss...: 326it [02:53,  1.61it/s]
Calculating loss...: 327it [02:54,  1.81it/s]
Calculating loss...: 328it [02:54,  1.89it/s]
Calculating loss...: 329it [02:55,  1.93it/s]
Calculating loss...: 330it [02:55,  1.78it/s]
Calculating loss...: 331it [02:56,  2.03it/s]
Calculating loss...: 332it [02:56,  2.14it/s]
Calculating loss...: 333it [02:57,  1.83it/s]
Calculating loss...: 334it [02:58,  1.66it/s]
Calculating loss...: 335it [02:59,  1.39it/s]
Calculating loss...: 336it [02:59,  1.38it/s]
Calculating loss...: 337it [03:00,  1.18it/s]
Calculating loss...: 338it [03:01,  1.26it/s]
Calculating loss...: 339it [03:02,  1.38it/s]
Calculating loss...: 340it [03:02,  1.52it/s]
Calculating loss...: 341it [03:03,  1.65it/s]
Calculating loss...: 342it [03:04,  1.45it/s]
Calculating loss...: 343it [03:04,  1.65it/s]
Calculating loss...: 344it [03:04,  1.67it/s]
Calculating loss...: 345it [03:05,  1.77it/s]
Calculating loss...: 346it [03:05,  1.93it/s]
Calculating loss...: 347it [03:06,  2.08it/s]
Calculating loss...: 348it [03:06,  2.31it/s]
Calculating loss...: 349it [03:07,  1.91it/s]
Calculating loss...: 350it [03:07,  2.04it/s]
Calculating loss...: 351it [03:08,  2.39it/s]
Calculating loss...: 352it [03:08,  2.56it/s]
Calculating loss...: 353it [03:08,  2.37it/s]
Calculating loss...: 354it [03:09,  2.41it/s]
Calculating loss...: 355it [03:09,  2.31it/s]
Calculating loss...: 356it [03:09,  2.82it/s]
Calculating loss...: 357it [03:10,  2.02it/s]
Calculating loss...: 358it [03:11,  2.24it/s]
Calculating loss...: 359it [03:11,  1.87it/s]
Calculating loss...: 360it [03:12,  2.24it/s]
Calculating loss...: 361it [03:12,  2.44it/s]
Calculating loss...: 362it [03:12,  2.79it/s]
Calculating loss...: 363it [03:13,  2.24it/s]
Calculating loss...: 364it [03:13,  2.29it/s]
Calculating loss...: 365it [03:14,  1.89it/s]
Calculating loss...: 366it [03:14,  2.12it/s]
Calculating loss...: 367it [03:15,  1.92it/s]
Calculating loss...: 368it [03:15,  2.06it/s]
Calculating loss...: 369it [03:16,  2.05it/s]
Calculating loss...: 370it [03:16,  2.40it/s]
Calculating loss...: 371it [03:16,  2.41it/s]
Calculating loss...: 372it [03:17,  2.42it/s]
Calculating loss...: 373it [03:17,  2.43it/s]
Calculating loss...: 374it [03:19,  1.37it/s]
Calculating loss...: 375it [03:19,  1.52it/s]
Calculating loss...: 376it [03:21,  1.01s/it]
Calculating loss...: 377it [03:22,  1.17it/s]
Calculating loss...: 378it [03:22,  1.35it/s]
Calculating loss...: 379it [03:23,  1.26it/s]
Calculating loss...: 380it [03:24,  1.12it/s]
Calculating loss...: 381it [03:25,  1.15it/s]
Calculating loss...: 382it [03:25,  1.28it/s]
Calculating loss...: 383it [03:26,  1.26it/s]
Calculating loss...: 384it [03:27,  1.59it/s]
Calculating loss...: 385it [03:27,  1.78it/s]
Calculating loss...: 386it [03:27,  1.95it/s]
Calculating loss...: 387it [03:28,  2.18it/s]
Calculating loss...: 388it [03:28,  2.14it/s]
Calculating loss...: 389it [03:29,  2.22it/s]
Calculating loss...: 390it [03:29,  2.41it/s]
Calculating loss...: 391it [03:30,  2.06it/s]
Calculating loss...: 392it [03:31,  1.52it/s]
Calculating loss...: 393it [03:31,  1.64it/s]
Calculating loss...: 394it [03:32,  1.75it/s]
Calculating loss...: 395it [03:32,  2.00it/s]
Calculating loss...: 396it [03:32,  2.23it/s]
Calculating loss...: 397it [03:33,  2.30it/s]
Calculating loss...: 398it [03:33,  2.24it/s]
Calculating loss...: 399it [03:33,  2.59it/s]
Calculating loss...: 400it [03:34,  2.90it/s]
Calculating loss...: 401it [03:34,  2.75it/s]
Calculating loss...: 402it [03:34,  2.48it/s]
Calculating loss...: 403it [03:35,  2.62it/s]
Calculating loss...: 404it [03:35,  2.56it/s]
Calculating loss...: 405it [03:38,  1.08s/it]
Calculating loss...: 406it [03:39,  1.05it/s]
Calculating loss...: 407it [03:39,  1.13it/s]
Calculating loss...: 408it [03:40,  1.39it/s]
Calculating loss...: 409it [03:40,  1.60it/s]
Calculating loss...: 410it [03:40,  1.78it/s]
Calculating loss...: 411it [03:41,  2.14it/s]
Calculating loss...: 412it [03:41,  2.35it/s]
Calculating loss...: 413it [03:41,  2.52it/s]
Calculating loss...: 414it [03:43,  1.39it/s]
Calculating loss...: 415it [03:44,  1.17it/s]
Calculating loss...: 416it [03:44,  1.43it/s]
Calculating loss...: 417it [03:45,  1.71it/s]
Calculating loss...: 418it [03:45,  1.90it/s]
Calculating loss...: 419it [03:45,  2.26it/s]
Calculating loss...: 420it [03:46,  2.19it/s]
Calculating loss...: 421it [03:46,  2.53it/s]
Calculating loss...: 422it [03:46,  2.66it/s]
Calculating loss...: 423it [03:47,  2.44it/s]
Calculating loss...: 424it [03:47,  2.18it/s]
Calculating loss...: 425it [03:48,  2.16it/s]
Calculating loss...: 426it [03:51,  1.14s/it]
Calculating loss...: 427it [03:51,  1.09it/s]
Calculating loss...: 428it [03:51,  1.31it/s]
Calculating loss...: 429it [03:53,  1.10it/s]
Calculating loss...: 430it [03:53,  1.32it/s]
Calculating loss...: 431it [03:54,  1.43it/s]
Calculating loss...: 432it [03:54,  1.47it/s]
Calculating loss...: 433it [03:55,  1.73it/s]
Calculating loss...: 434it [03:55,  1.99it/s]
Calculating loss...: 435it [03:55,  2.22it/s]
Calculating loss...: 436it [03:56,  2.05it/s]
Calculating loss...: 437it [03:56,  2.04it/s]
Calculating loss...: 438it [03:57,  2.41it/s]
Calculating loss...: 439it [03:57,  2.58it/s]
Calculating loss...: 440it [03:57,  2.41it/s]
Calculating loss...: 441it [03:58,  2.29it/s]
Calculating loss...: 442it [03:58,  2.32it/s]
Calculating loss...: 443it [03:59,  2.11it/s]
Calculating loss...: 444it [03:59,  1.98it/s]
Calculating loss...: 445it [04:00,  2.12it/s]
Calculating loss...: 446it [04:00,  2.01it/s]
Calculating loss...: 447it [04:01,  2.01it/s]
Calculating loss...: 448it [04:01,  2.37it/s]
Calculating loss...: 449it [04:02,  2.39it/s]
Calculating loss...: 450it [04:02,  2.55it/s]
Calculating loss...: 451it [04:02,  2.51it/s]
Calculating loss...: 452it [04:03,  2.67it/s]
Calculating loss...: 453it [04:03,  2.79it/s]
Calculating loss...: 454it [04:03,  2.88it/s]
Calculating loss...: 455it [04:04,  2.92it/s]
Calculating loss...: 456it [04:04,  2.42it/s]
Calculating loss...: 457it [04:05,  2.29it/s]
Calculating loss...: 458it [04:05,  2.09it/s]
Calculating loss...: 459it [04:06,  2.31it/s]
Calculating loss...: 460it [04:06,  1.84it/s]
Calculating loss...: 461it [04:07,  1.81it/s]
Calculating loss...: 462it [04:08,  1.78it/s]
Calculating loss...: 463it [04:08,  2.14it/s]
Calculating loss...: 464it [04:09,  1.75it/s]
Calculating loss...: 465it [04:09,  1.76it/s]
Calculating loss...: 466it [04:09,  2.02it/s]
Calculating loss...: 467it [04:10,  1.84it/s]
Calculating loss...: 468it [04:11,  1.98it/s]
Calculating loss...: 469it [04:11,  2.34it/s]
Calculating loss...: 470it [04:11,  2.24it/s]
Calculating loss...: 471it [04:12,  2.44it/s]
Calculating loss...: 472it [04:14,  1.10s/it]
Calculating loss...: 473it [04:14,  1.22it/s]
Calculating loss...: 474it [04:15,  1.23it/s]
Calculating loss...: 475it [04:16,  1.40it/s]
Calculating loss...: 476it [04:16,  1.60it/s]
Calculating loss...: 477it [04:17,  1.79it/s]
Calculating loss...: 478it [04:17,  1.63it/s]
Calculating loss...: 479it [04:18,  1.82it/s]
Calculating loss...: 480it [04:18,  1.90it/s]
Calculating loss...: 481it [04:19,  2.04it/s]
Calculating loss...: 482it [04:19,  1.93it/s]
Calculating loss...: 483it [04:20,  1.71it/s]
Calculating loss...: 484it [04:21,  1.66it/s]
Calculating loss...: 485it [04:21,  1.70it/s]
Calculating loss...: 486it [04:22,  1.87it/s]
Calculating loss...: 487it [04:22,  2.23it/s]
Calculating loss...: 488it [04:22,  2.42it/s]
Calculating loss...: 489it [04:23,  2.43it/s]
Calculating loss...: 490it [04:23,  2.75it/s]
Calculating loss...: 491it [04:23,  2.82it/s]
Calculating loss...: 492it [04:24,  2.27it/s]
Calculating loss...: 493it [04:24,  2.47it/s]
Calculating loss...: 494it [04:25,  1.52it/s]
Calculating loss...: 495it [04:26,  1.72it/s]
Calculating loss...: 496it [04:26,  1.97it/s]
Calculating loss...: 497it [04:27,  1.82it/s]
Calculating loss...: 498it [04:27,  2.08it/s]
Calculating loss...: 499it [04:27,  2.08it/s]
Calculating loss...: 500it [04:28,  1.96it/s]
Calculating loss...: 501it [04:29,  1.89it/s]
Calculating loss...: 502it [04:29,  2.13it/s]
Calculating loss...: 503it [04:30,  1.91it/s]
Calculating loss...: 504it [04:30,  1.96it/s]
Calculating loss...: 505it [04:31,  2.09it/s]
Calculating loss...: 506it [04:31,  2.18it/s]
Calculating loss...: 507it [04:32,  1.93it/s]
Calculating loss...: 508it [04:32,  1.71it/s]
Calculating loss...: 509it [04:33,  1.89it/s]
Calculating loss...: 510it [04:33,  2.14it/s]
Calculating loss...: 511it [04:33,  2.24it/s]
Calculating loss...: 512it [04:34,  2.06it/s]
Calculating loss...: 513it [04:34,  2.16it/s]
Calculating loss...: 514it [04:35,  2.36it/s]
Calculating loss...: 515it [04:35,  2.69it/s]
Calculating loss...: 516it [04:36,  2.46it/s]
Calculating loss...: 517it [04:36,  2.47it/s]
Calculating loss...: 518it [04:36,  2.64it/s]
Calculating loss...: 519it [04:37,  2.28it/s]
Calculating loss...: 520it [04:37,  2.32it/s]
Calculating loss...: 521it [04:38,  1.54it/s]
Calculating loss...: 522it [04:39,  1.82it/s]
Calculating loss...: 523it [04:39,  1.89it/s]
Calculating loss...: 524it [04:39,  2.25it/s]
Calculating loss...: 525it [04:40,  1.71it/s]
Calculating loss...: 526it [04:41,  1.80it/s]
Calculating loss...: 527it [04:42,  1.47it/s]
Calculating loss...: 528it [04:42,  1.61it/s]
Calculating loss...: 529it [04:43,  1.79it/s]
Calculating loss...: 530it [04:43,  1.77it/s]
Calculating loss...: 531it [04:44,  2.13it/s]
Calculating loss...: 532it [04:44,  2.48it/s]
Calculating loss...: 533it [04:44,  2.33it/s]
Calculating loss...: 534it [04:45,  2.38it/s]
Calculating loss...: 535it [04:45,  2.56it/s]
Calculating loss...: 536it [04:45,  2.70it/s]
Calculating loss...: 537it [04:46,  2.08it/s]
Calculating loss...: 538it [04:46,  2.17it/s]
Calculating loss...: 539it [04:49,  1.13s/it]
Calculating loss...: 540it [04:50,  1.06it/s]
Calculating loss...: 541it [04:50,  1.20it/s]
Calculating loss...: 542it [04:51,  1.38it/s]
Calculating loss...: 543it [04:51,  1.65it/s]
Calculating loss...: 544it [04:51,  1.84it/s]
Calculating loss...: 545it [04:52,  1.66it/s]
Calculating loss...: 546it [04:53,  1.92it/s]
Calculating loss...: 547it [04:53,  1.78it/s]
Calculating loss...: 548it [04:54,  1.78it/s]
Calculating loss...: 549it [04:54,  2.04it/s]
Calculating loss...: 550it [04:54,  2.27it/s]
Calculating loss...: 551it [04:55,  2.61it/s]
Calculating loss...: 552it [04:56,  1.62it/s]
Calculating loss...: 553it [04:56,  1.72it/s]
Calculating loss...: 554it [04:57,  2.09it/s]
Calculating loss...: 555it [04:57,  2.46it/s]
Calculating loss...: 556it [04:57,  2.80it/s]
Calculating loss...: 557it [04:57,  3.11it/s]
Calculating loss...: 558it [04:58,  2.87it/s]
Calculating loss...: 559it [04:58,  2.72it/s]
Calculating loss...: 560it [04:58,  2.80it/s]
Calculating loss...: 561it [04:59,  2.52it/s]
Calculating loss...: 562it [04:59,  2.35it/s]
Calculating loss...: 563it [05:00,  2.69it/s]
Calculating loss...: 564it [05:00,  2.21it/s]
Calculating loss...: 565it [05:01,  2.40it/s]
Calculating loss...: 566it [05:01,  2.41it/s]
Calculating loss...: 567it [05:02,  1.95it/s]
Calculating loss...: 568it [05:02,  1.72it/s]
Calculating loss...: 569it [05:03,  1.90it/s]
Calculating loss...: 570it [05:04,  1.78it/s]
Calculating loss...: 571it [05:04,  1.94it/s]
Calculating loss...: 572it [05:04,  2.07it/s]
Calculating loss...: 573it [05:05,  1.95it/s]
Calculating loss...: 574it [05:05,  2.31it/s]
Calculating loss...: 575it [05:05,  2.65it/s]
Calculating loss...: 576it [05:06,  2.61it/s]
Calculating loss...: 577it [05:06,  2.74it/s]
Calculating loss...: 578it [05:07,  2.34it/s]
Calculating loss...: 579it [05:07,  2.67it/s]
Calculating loss...: 580it [05:07,  2.77it/s]
Calculating loss...: 581it [05:08,  2.22it/s]
Calculating loss...: 582it [05:09,  1.96it/s]
Calculating loss...: 583it [05:09,  2.32it/s]
Calculating loss...: 584it [05:09,  2.25it/s]
Calculating loss...: 585it [05:12,  1.12s/it]
Calculating loss...: 586it [05:12,  1.16it/s]
Calculating loss...: 587it [05:14,  1.13s/it]
Calculating loss...: 588it [05:14,  1.12it/s]
Calculating loss...: 589it [05:15,  1.39it/s]
Calculating loss...: 590it [05:15,  1.74it/s]
Calculating loss...: 591it [05:15,  1.91it/s]
Calculating loss...: 592it [05:15,  2.40it/s]
Calculating loss...: 593it [05:16,  2.56it/s]
Calculating loss...: 594it [05:17,  1.48it/s]
Calculating loss...: 595it [05:18,  1.69it/s]
Calculating loss...: 596it [05:18,  1.95it/s]
Calculating loss...: 597it [05:18,  1.99it/s]
Calculating loss...: 598it [05:19,  2.01it/s]
Calculating loss...: 599it [05:19,  2.23it/s]
Calculating loss...: 600it [05:19,  2.57it/s]
Calculating loss...: 601it [05:20,  2.53it/s]
Calculating loss...: 602it [05:21,  2.11it/s]
Calculating loss...: 603it [05:21,  2.00it/s]
Calculating loss...: 604it [05:22,  1.75it/s]
Calculating loss...: 605it [05:22,  1.83it/s]
Calculating loss...: 606it [05:25,  1.19s/it]
Calculating loss...: 607it [05:25,  1.04it/s]
Calculating loss...: 608it [05:26,  1.30it/s]
Calculating loss...: 609it [05:26,  1.46it/s]
Calculating loss...: 610it [05:27,  1.73it/s]
Calculating loss...: 611it [05:27,  1.83it/s]
Calculating loss...: 612it [05:27,  2.08it/s]
Calculating loss...: 613it [05:28,  1.96it/s]
Calculating loss...: 614it [05:28,  2.32it/s]
Calculating loss...: 615it [05:29,  2.00it/s]
Calculating loss...: 616it [05:32,  1.16s/it]
Calculating loss...: 617it [05:32,  1.04s/it]
Calculating loss...: 618it [05:33,  1.15it/s]
Calculating loss...: 619it [05:33,  1.33it/s]
Calculating loss...: 620it [05:34,  1.34it/s]
Calculating loss...: 621it [05:35,  1.22it/s]
Calculating loss...: 622it [05:36,  1.26it/s]
Calculating loss...: 623it [05:36,  1.48it/s]
Calculating loss...: 624it [05:37,  1.62it/s]
Calculating loss...: 625it [05:37,  1.47it/s]
Calculating loss...: 626it [05:38,  1.74it/s]
Calculating loss...: 627it [05:38,  1.99it/s]
Calculating loss...: 628it [05:38,  2.22it/s]
Calculating loss...: 629it [05:39,  2.31it/s]
Calculating loss...: 630it [05:39,  2.51it/s]
Calculating loss...: 631it [05:39,  2.65it/s]
Calculating loss...: 632it [05:40,  2.95it/s]
Calculating loss...: 633it [05:40,  2.97it/s]
Calculating loss...: 634it [05:41,  2.07it/s]
Calculating loss...: 635it [05:42,  1.79it/s]
Calculating loss...: 636it [05:42,  1.52it/s]
Calculating loss...: 637it [05:43,  1.79it/s]
Calculating loss...: 638it [05:43,  1.85it/s]
Calculating loss...: 639it [05:44,  2.21it/s]
Calculating loss...: 640it [05:44,  2.40it/s]
Calculating loss...: 641it [05:44,  2.41it/s]
Calculating loss...: 642it [05:45,  2.58it/s]
Calculating loss...: 643it [05:45,  2.16it/s]
Calculating loss...: 644it [05:46,  2.36it/s]
Calculating loss...: 645it [05:46,  2.70it/s]
Calculating loss...: 646it [05:46,  2.19it/s]
Calculating loss...: 647it [05:47,  2.53it/s]
Calculating loss...: 648it [05:47,  2.22it/s]
Calculating loss...: 649it [05:48,  2.08it/s]
Calculating loss...: 650it [05:48,  2.08it/s]
Calculating loss...: 651it [05:49,  2.17it/s]
Calculating loss...: 652it [05:49,  2.52it/s]
Calculating loss...: 653it [05:49,  2.49it/s]
Calculating loss...: 654it [05:50,  1.89it/s]
Calculating loss...: 655it [05:51,  1.95it/s]
Calculating loss...: 656it [05:52,  1.59it/s]
Calculating loss...: 657it [05:52,  1.63it/s]
Calculating loss...: 658it [05:53,  1.74it/s]
Calculating loss...: 659it [05:53,  1.99it/s]
Calculating loss...: 660it [05:53,  2.22it/s]
Calculating loss...: 661it [05:54,  1.80it/s]
Calculating loss...: 662it [05:54,  2.05it/s]
Calculating loss...: 663it [05:55,  1.70it/s]
Calculating loss...: 664it [05:56,  1.87it/s]
Calculating loss...: 665it [05:56,  2.11it/s]
Calculating loss...: 666it [05:56,  2.20it/s]
Calculating loss...: 667it [05:57,  1.80it/s]
Calculating loss...: 668it [05:58,  1.78it/s]
Calculating loss...: 669it [05:58,  1.93it/s]
Calculating loss...: 670it [05:59,  1.96it/s]
Calculating loss...: 671it [05:59,  2.19it/s]
Calculating loss...: 672it [06:00,  1.95it/s]
Calculating loss...: 673it [06:00,  1.90it/s]
Calculating loss...: 674it [06:01,  2.03it/s]
Calculating loss...: 675it [06:01,  2.25it/s]
Calculating loss...: 676it [06:01,  2.59it/s]
Calculating loss...: 677it [06:02,  2.71it/s]
Calculating loss...: 678it [06:02,  2.62it/s]
Calculating loss...: 679it [06:02,  2.56it/s]
Calculating loss...: 680it [06:03,  2.55it/s]
Calculating loss...: 681it [06:03,  2.70it/s]
Calculating loss...: 682it [06:04,  2.62it/s]
Calculating loss...: 683it [06:04,  2.73it/s]
Calculating loss...: 684it [06:04,  2.81it/s]
Calculating loss...: 685it [06:05,  2.52it/s]
Calculating loss...: 686it [06:05,  2.83it/s]
Calculating loss...: 687it [06:05,  2.54it/s]
Calculating loss...: 688it [06:06,  2.38it/s]
Calculating loss...: 689it [06:07,  2.05it/s]
Calculating loss...: 690it [06:07,  2.26it/s]
Calculating loss...: 691it [06:07,  2.45it/s]
Calculating loss...: 692it [06:08,  2.59it/s]
Calculating loss...: 693it [06:09,  1.76it/s]
Calculating loss...: 694it [06:09,  1.77it/s]
Calculating loss...: 695it [06:10,  1.93it/s]
Calculating loss...: 696it [06:10,  2.29it/s]
Calculating loss...: 697it [06:10,  2.09it/s]
Calculating loss...: 698it [06:11,  2.30it/s]
Calculating loss...: 699it [06:12,  1.54it/s]
Calculating loss...: 700it [06:12,  1.74it/s]
Calculating loss...: 701it [06:13,  1.90it/s]
Calculating loss...: 702it [06:13,  2.04it/s]
Calculating loss...: 703it [06:13,  2.26it/s]
Calculating loss...: 704it [06:14,  2.07it/s]
Calculating loss...: 705it [06:15,  1.88it/s]
Calculating loss...: 706it [06:15,  2.13it/s]
Calculating loss...: 707it [06:15,  2.36it/s]
Calculating loss...: 708it [06:15,  2.69it/s]
Calculating loss...: 709it [06:16,  2.45it/s]
Calculating loss...: 710it [06:16,  2.45it/s]
Calculating loss...: 711it [06:17,  2.18it/s]
Calculating loss...: 712it [06:17,  2.37it/s]
Calculating loss...: 713it [06:18,  2.28it/s]
Calculating loss...: 714it [06:18,  2.22it/s]
Calculating loss...: 715it [06:19,  2.05it/s]
Calculating loss...: 716it [06:19,  1.94it/s]
Calculating loss...: 717it [06:20,  2.17it/s]
Calculating loss...: 718it [06:20,  2.52it/s]
Calculating loss...: 719it [06:21,  2.23it/s]
Calculating loss...: 720it [06:21,  2.18it/s]
Calculating loss...: 721it [06:22,  1.82it/s]
Calculating loss...: 722it [06:22,  1.72it/s]
Calculating loss...: 723it [06:23,  1.73it/s]
Calculating loss...: 724it [06:24,  1.67it/s]
Calculating loss...: 725it [06:24,  2.04it/s]
Calculating loss...: 726it [06:24,  2.16it/s]
Calculating loss...: 727it [06:26,  1.38it/s]
Calculating loss...: 728it [06:26,  1.37it/s]
Calculating loss...: 729it [06:27,  1.53it/s]
Calculating loss...: 730it [06:27,  1.66it/s]
Calculating loss...: 731it [06:28,  1.92it/s]
Calculating loss...: 732it [06:28,  1.64it/s]
Calculating loss...: 733it [06:29,  1.81it/s]
Calculating loss...: 734it [06:29,  2.06it/s]
Calculating loss...: 735it [06:30,  2.29it/s]
Calculating loss...: 736it [06:30,  2.11it/s]
Calculating loss...: 737it [06:31,  1.73it/s]
Calculating loss...: 738it [06:31,  1.98it/s]
Calculating loss...: 739it [06:32,  2.34it/s]
Calculating loss...: 740it [06:32,  2.51it/s]
Calculating loss...: 741it [06:32,  2.48it/s]
Calculating loss...: 742it [06:33,  2.35it/s]
Calculating loss...: 743it [06:33,  2.69it/s]
Calculating loss...: 744it [06:34,  2.20it/s]
Calculating loss...: 745it [06:35,  1.69it/s]
Calculating loss...: 746it [06:35,  1.57it/s]
Calculating loss...: 747it [06:36,  1.70it/s]
Calculating loss...: 748it [06:36,  1.88it/s]
Calculating loss...: 749it [06:36,  2.24it/s]
Calculating loss...: 750it [06:37,  2.30it/s]
Calculating loss...: 751it [06:37,  2.63it/s]
Calculating loss...: 752it [06:37,  2.57it/s]
Calculating loss...: 753it [06:38,  2.53it/s]
Calculating loss...: 754it [06:38,  2.49it/s]
Calculating loss...: 755it [06:39,  2.65it/s]
Calculating loss...: 756it [06:39,  2.97it/s]
Calculating loss...: 757it [06:39,  3.01it/s]
Calculating loss...: 758it [06:40,  2.81it/s]
Calculating loss...: 759it [06:40,  2.69it/s]
Calculating loss...: 760it [06:40,  2.97it/s]
Calculating loss...: 761it [06:41,  3.22it/s]
Calculating loss...: 762it [06:41,  3.42it/s]
Calculating loss...: 763it [06:42,  1.67it/s]
Calculating loss...: 764it [06:43,  1.69it/s]
Calculating loss...: 765it [06:43,  1.86it/s]
Calculating loss...: 766it [06:43,  2.10it/s]
Calculating loss...: 767it [06:44,  2.31it/s]
Calculating loss...: 768it [06:44,  1.91it/s]
Calculating loss...: 769it [06:45,  1.96it/s]
Calculating loss...: 770it [06:45,  2.21it/s]
Calculating loss...: 771it [06:46,  2.27it/s]
Calculating loss...: 772it [06:46,  2.61it/s]
Calculating loss...: 773it [06:46,  2.91it/s]
Calculating loss...: 774it [06:47,  2.58it/s]
Calculating loss...: 775it [06:47,  2.53it/s]
Calculating loss...: 776it [06:47,  2.51it/s]
Calculating loss...: 777it [06:48,  2.37it/s]
Calculating loss...: 778it [06:49,  1.69it/s]
Calculating loss...: 779it [06:50,  1.51it/s]
Calculating loss...: 780it [06:50,  1.70it/s]
Calculating loss...: 781it [06:51,  1.88it/s]
Calculating loss...: 782it [06:51,  1.63it/s]
Calculating loss...: 783it [06:52,  1.73it/s]
Calculating loss...: 784it [06:52,  1.90it/s]
Calculating loss...: 785it [06:53,  1.93it/s]
Calculating loss...: 786it [06:53,  2.17it/s]
Calculating loss...: 787it [06:54,  1.85it/s]
Calculating loss...: 788it [06:54,  1.91it/s]
Calculating loss...: 789it [06:56,  1.26it/s]
Calculating loss...: 790it [06:57,  1.06it/s]
Calculating loss...: 791it [06:57,  1.28it/s]
Calculating loss...: 792it [06:59,  1.05it/s]
Calculating loss...: 793it [06:59,  1.35it/s]
Calculating loss...: 794it [06:59,  1.62it/s]
Calculating loss...: 795it [07:00,  1.60it/s]
Calculating loss...: 796it [07:00,  1.80it/s]
Calculating loss...: 797it [07:01,  2.15it/s]
Calculating loss...: 798it [07:03,  1.05it/s]
Calculating loss...: 799it [07:03,  1.31it/s]
Calculating loss...: 800it [07:03,  1.53it/s]
Calculating loss...: 801it [07:04,  1.72it/s]
Calculating loss...: 802it [07:04,  1.97it/s]
Calculating loss...: 803it [07:05,  1.73it/s]
Calculating loss...: 804it [07:05,  1.98it/s]
Calculating loss...: 805it [07:06,  2.35it/s]
Calculating loss...: 806it [07:06,  2.40it/s]
Calculating loss...: 807it [07:06,  2.58it/s]
Calculating loss...: 808it [07:07,  2.69it/s]
Calculating loss...: 809it [07:07,  2.61it/s]
Calculating loss...: 810it [07:07,  2.55it/s]
Calculating loss...: 811it [07:08,  2.68it/s]
Calculating loss...: 812it [07:08,  2.77it/s]
Calculating loss...: 813it [07:08,  2.67it/s]
Calculating loss...: 814it [07:09,  2.63it/s]
Calculating loss...: 815it [07:09,  2.95it/s]
Calculating loss...: 816it [07:09,  2.98it/s]
Calculating loss...: 817it [07:10,  2.79it/s]
Calculating loss...: 818it [07:10,  2.51it/s]
Calculating loss...: 819it [07:11,  2.82it/s]
Calculating loss...: 820it [07:11,  3.09it/s]
Calculating loss...: 821it [07:11,  2.86it/s]
Calculating loss...: 822it [07:12,  1.64it/s]
Calculating loss...: 823it [07:13,  1.74it/s]
Calculating loss...: 824it [07:14,  1.73it/s]
Calculating loss...: 825it [07:14,  1.53it/s]
Calculating loss...: 826it [07:15,  1.43it/s]
Calculating loss...: 827it [07:16,  1.63it/s]
Calculating loss...: 828it [07:16,  1.89it/s]
Calculating loss...: 829it [07:16,  1.93it/s]
Calculating loss...: 830it [07:17,  1.71it/s]
Calculating loss...: 831it [07:17,  1.97it/s]
Calculating loss...: 832it [07:18,  2.01it/s]
Calculating loss...: 833it [07:18,  2.03it/s]
Calculating loss...: 834it [07:19,  2.38it/s]
Calculating loss...: 835it [07:19,  2.14it/s]
Calculating loss...: 836it [07:20,  1.60it/s]
Calculating loss...: 837it [07:21,  1.59it/s]
Calculating loss...: 838it [07:21,  1.64it/s]
Calculating loss...: 839it [07:22,  1.82it/s]
Calculating loss...: 840it [07:22,  1.97it/s]
Calculating loss...: 841it [07:23,  1.98it/s]
Calculating loss...: 842it [07:23,  2.10it/s]
Calculating loss...: 843it [07:24,  2.32it/s]
Calculating loss...: 844it [07:24,  2.38it/s]
Calculating loss...: 845it [07:24,  2.56it/s]
Calculating loss...: 846it [07:24,  2.87it/s]
Calculating loss...: 847it [07:25,  1.85it/s]
Calculating loss...: 848it [07:26,  1.73it/s]
Calculating loss...: 849it [07:26,  1.99it/s]
Calculating loss...: 850it [07:28,  1.50it/s]
Calculating loss...: 851it [07:28,  1.70it/s]
Calculating loss...: 852it [07:28,  1.95it/s]
Calculating loss...: 853it [07:29,  1.97it/s]
Calculating loss...: 854it [07:29,  2.20it/s]
Calculating loss...: 855it [07:29,  2.55it/s]
Calculating loss...: 856it [07:30,  2.40it/s]
Calculating loss...: 857it [07:30,  2.57it/s]
Calculating loss...: 858it [07:31,  2.38it/s]
Calculating loss...: 859it [07:31,  2.26it/s]
Calculating loss...: 860it [07:32,  1.79it/s]
Calculating loss...: 861it [07:35,  1.20s/it]
Calculating loss...: 862it [07:35,  1.04it/s]
Calculating loss...: 863it [07:36,  1.22it/s]
Calculating loss...: 864it [07:36,  1.44it/s]
Calculating loss...: 865it [07:37,  1.24it/s]
Calculating loss...: 866it [07:38,  1.19it/s]
Calculating loss...: 867it [07:38,  1.32it/s]
Calculating loss...: 868it [07:39,  1.54it/s]
Calculating loss...: 869it [07:39,  1.74it/s]
Calculating loss...: 870it [07:40,  1.67it/s]
Calculating loss...: 871it [07:40,  1.76it/s]
Calculating loss...: 872it [07:41,  1.92it/s]
Calculating loss...: 873it [07:41,  2.28it/s]
Calculating loss...: 874it [07:42,  1.82it/s]
Calculating loss...: 875it [07:43,  1.66it/s]
Calculating loss...: 876it [07:43,  1.92it/s]
Calculating loss...: 877it [07:43,  1.95it/s]
Calculating loss...: 878it [07:44,  1.88it/s]
Calculating loss...: 879it [07:45,  1.69it/s]
Calculating loss...: 880it [07:45,  1.88it/s]
Calculating loss...: 881it [07:46,  1.61it/s]
Calculating loss...: 882it [07:47,  1.47it/s]
Calculating loss...: 883it [07:47,  1.73it/s]
Calculating loss...: 884it [07:48,  1.75it/s]
Calculating loss...: 885it [07:48,  1.92it/s]
Calculating loss...: 886it [07:48,  2.28it/s]
Calculating loss...: 887it [07:49,  1.98it/s]
Calculating loss...: 888it [07:50,  1.81it/s]
Calculating loss...: 889it [07:50,  1.79it/s]
Calculating loss...: 890it [07:51,  1.79it/s]
Calculating loss...: 891it [07:51,  1.96it/s]
Calculating loss...: 892it [07:52,  1.98it/s]
Calculating loss...: 893it [07:53,  1.24it/s]
Calculating loss...: 894it [07:55,  1.05s/it]
Calculating loss...: 895it [07:56,  1.07it/s]
Calculating loss...: 896it [07:57,  1.10s/it]
Calculating loss...: 897it [07:58,  1.07s/it]
Calculating loss...: 898it [07:59,  1.03it/s]
Calculating loss...: 899it [07:59,  1.21it/s]
Calculating loss...: 900it [07:59,  1.53it/s]
Calculating loss...: 901it [08:00,  1.74it/s]
Calculating loss...: 902it [08:00,  1.83it/s]
Calculating loss...: 903it [08:01,  1.98it/s]
Calculating loss...: 904it [08:01,  1.99it/s]
Calculating loss...: 905it [08:02,  2.10it/s]
Calculating loss...: 906it [08:02,  2.08it/s]
Calculating loss...: 907it [08:04,  1.07it/s]
Calculating loss...: 908it [08:05,  1.21it/s]
Calculating loss...: 909it [08:05,  1.42it/s]
Calculating loss...: 910it [08:06,  1.63it/s]
Calculating loss...: 911it [08:06,  1.82it/s]
Calculating loss...: 912it [08:06,  1.99it/s]
Calculating loss...: 913it [08:07,  2.10it/s]
Calculating loss...: 914it [08:07,  2.45it/s]
Calculating loss...: 915it [08:07,  2.77it/s]
Calculating loss...: 916it [08:07,  3.06it/s]
Calculating loss...: 917it [08:08,  2.84it/s]
Calculating loss...: 918it [08:08,  2.89it/s]
Calculating loss...: 919it [08:08,  3.42it/s]
Calculating loss...: 920it [08:09,  2.02it/s]
Calculating loss...: 921it [08:10,  2.37it/s]
Calculating loss...: 922it [08:10,  2.26it/s]
Calculating loss...: 923it [08:10,  2.60it/s]
Calculating loss...: 924it [08:11,  2.55it/s]
Calculating loss...: 925it [08:12,  1.92it/s]
Calculating loss...: 926it [08:12,  2.28it/s]
Calculating loss...: 927it [08:12,  2.35it/s]
Calculating loss...: 928it [08:13,  2.37it/s]
Calculating loss...: 929it [08:15,  1.10s/it]
Calculating loss...: 930it [08:17,  1.15s/it]
Calculating loss...: 930it [08:17,  1.87it/s]
[WARNING] Some sequences are longer than 1024 tokens. The longest sentence 2210 will be truncated to 1024. Consider pre-splitting your data to save memory.
[WARNING] Some sequences are longer than 1024 tokens. The longest sentence 1070 will be truncated to 1024. Consider pre-splitting your data to save memory.
[WARNING] Some sequences are longer than 1024 tokens. The longest sentence 3351 will be truncated to 1024. Consider pre-splitting your data to save memory.
[WARNING] Some sequences are longer than 1024 tokens. The longest sentence 3144 will be truncated to 1024. Consider pre-splitting your data to save memory.
[WARNING] Some sequences are longer than 1024 tokens. The longest sentence 1045 will be truncated to 1024. Consider pre-splitting your data to save memory.
[WARNING] Some sequences are longer than 1024 tokens. The longest sentence 1662 will be truncated to 1024. Consider pre-splitting your data to save memory.
[WARNING] Some sequences are longer than 1024 tokens. The longest sentence 2218 will be truncated to 1024. Consider pre-splitting your data to save memory.
[WARNING] Some sequences are longer than 1024 tokens. The longest sentence 4560 will be truncated to 1024. Consider pre-splitting your data to save memory.
[WARNING] Some sequences are longer than 1024 tokens. The longest sentence 3313 will be truncated to 1024. Consider pre-splitting your data to save memory.
[WARNING] Some sequences are longer than 1024 tokens. The longest sentence 2887 will be truncated to 1024. Consider pre-splitting your data to save memory.
[WARNING] Some sequences are longer than 1024 tokens. The longest sentence 1077 will be truncated to 1024. Consider pre-splitting your data to save memory.
[WARNING] Some sequences are longer than 1024 tokens. The longest sentence 1861 will be truncated to 1024. Consider pre-splitting your data to save memory.
Test loss 0.561, Test ppl 1.752.
